[INFO][AppLauncher]: Using device: cuda:0
[INFO][AppLauncher]: Loading experience file: /root/autodl-tmp/IsaacLab/apps/isaaclab.python.headless.rendering.kit
[Warning] [simulation_app.simulation_app] Modules: ['omni.kit_app'] were loaded before SimulationApp was started and might not be loaded correctly.
[Warning] [simulation_app.simulation_app] Please check to make sure no extra omniverse or pxr modules are imported before the call to SimulationApp(...)
Loading user config located at: '/root/autodl-tmp/conda/envs/parkour/lib/python3.10/site-packages/omni/data/Kit/Isaac-Sim/4.5/user.config.json'
[Info] [carb] Logging to file: /root/autodl-tmp/conda/envs/parkour/lib/python3.10/site-packages/omni/logs/Kit/Isaac-Sim/4.5/kit_20260822_164137.log
2026-08-22 08:41:37 [0ms] [Warning] [omni.kit.app.plugin] No crash reporter present, dumps uploading isn't available.
2026-08-22 08:41:37 [9ms] [Warning] [omni.ext.plugin] [ext: rendering_modes] Extensions config 'extension.toml' doesn't exist '/root/autodl-tmp/IsaacLab/apps/rendering_modes' or '/root/autodl-tmp/IsaacLab/apps/rendering_modes/config'
2026-08-22 08:41:37 [219ms] [Warning] [omni.datastore] OmniHub is inaccessible
2026-08-22 08:41:37 [234ms] [Warning] [carb.windowing-glfw.plugin] GLFW initialization failed.
2026-08-22 08:41:37 [234ms] [Warning] [carb] Failed to startup plugin carb.windowing-glfw.plugin (interfaces: [carb::windowing::IGLContext v1.0],[carb::windowing::IWindowing v1.5]) (impl: carb.windowing-glfw.plugin)
2026-08-22 08:41:37 [317ms] [Warning] [omni.platforminfo.plugin] failed to open the default display.  Can't verify X Server version.

|---------------------------------------------------------------------------------------------|
| Driver Version: 580.142       | Graphics API: Vulkan
|=============================================================================================|
| GPU | Name                             | Active | LDA | GPU Memory | Vendor-ID | LUID       |
|     |                                  |        |     |            | Device-ID | UUID       |
|     |                                  |        |     |            | Bus-ID    |            |
|---------------------------------------------------------------------------------------------|
| 0   | NVIDIA GeForce RTX 4090          | Yes: 0 |     | 24810   MB | 10de      | 0          |
|     |                                  |        |     |            | 2684      | fbfb581f.. |
|     |                                  |        |     |            | 1b        |            |
|=============================================================================================|
| OS: 22.04.3 LTS (Jammy Jellyfish) ubuntu, Version: 22.04.3, Kernel: 5.15.0-78-generic
| Processor: Intel(R) Xeon(R) Platinum 8352V CPU @ 2.10GHz
| Bare Metal Cores: 64 | Bare Metal Logical Cores: 128
| Core Usage Quota: 16
|---------------------------------------------------------------------------------------------|
| Total Memory (MB): 122880 | Free Memory: 121337
| Total Page/Swap (MB): 0 | Free Page/Swap: 0
|---------------------------------------------------------------------------------------------|
2026-08-22 08:41:39 [1,938ms] [Warning] [carb.windowing-glfw.plugin] GLFW initialization failed.
2026-08-22 08:41:39 [1,938ms] [Warning] [carb] Failed to startup plugin carb.windowing-glfw.plugin (interfaces: [carb::windowing::IGLContext v1.0],[carb::windowing::IWindowing v1.5]) (impl: carb.windowing-glfw.plugin)
2026-08-22 08:41:39 [1,955ms] [Warning] [carb.windowing-glfw.plugin] GLFW initialization failed.
2026-08-22 08:41:39 [1,955ms] [Warning] [carb] Failed to startup plugin carb.windowing-glfw.plugin (interfaces: [carb::windowing::IGLContext v1.0],[carb::windowing::IWindowing v1.5]) (impl: carb.windowing-glfw.plugin)
2026-08-22 08:41:39 [1,963ms] [Warning] [carb.windowing-glfw.plugin] GLFW initialization failed.
2026-08-22 08:41:39 [1,963ms] [Warning] [carb] Failed to startup plugin carb.windowing-glfw.plugin (interfaces: [carb::windowing::IGLContext v1.0],[carb::windowing::IWindowing v1.5]) (impl: carb.windowing-glfw.plugin)
2026-08-22 08:41:39 [1,978ms] [Warning] [carb.windowing-glfw.plugin] GLFW initialization failed.
2026-08-22 08:41:39 [1,978ms] [Warning] [carb] Failed to startup plugin carb.windowing-glfw.plugin (interfaces: [carb::windowing::IGLContext v1.0],[carb::windowing::IWindowing v1.5]) (impl: carb.windowing-glfw.plugin)
2026-08-22 08:41:39 [1,980ms] [Warning] [carb.windowing-glfw.plugin] GLFW initialization failed.
2026-08-22 08:41:39 [1,980ms] [Warning] [carb] Failed to startup plugin carb.windowing-glfw.plugin (interfaces: [carb::windowing::IGLContext v1.0],[carb::windowing::IWindowing v1.5]) (impl: carb.windowing-glfw.plugin)
2026-08-22 08:41:39 [1,981ms] [Warning] [carb.windowing-glfw.plugin] GLFW initialization failed.
2026-08-22 08:41:39 [1,981ms] [Warning] [carb] Failed to startup plugin carb.windowing-glfw.plugin (interfaces: [carb::windowing::IGLContext v1.0],[carb::windowing::IWindowing v1.5]) (impl: carb.windowing-glfw.plugin)
2026-08-22 08:41:39 [2,426ms] [Warning] [omni.isaac.dynamic_control] omni.isaac.dynamic_control is deprecated as of Isaac Sim 4.5. No action is needed from end-users.
2026-08-22 08:41:41 [4,165ms] [Warning] [omni.log] Source: omni.hydra was already registered.
2026-08-22 08:41:42 [5,242ms] [Warning] [omni.replicator.core.scripts.extension] No material configuration file, adding configuration to material settings directly.
2026-08-22 08:41:45 [7,882ms] [Warning] [omni.usd-abi.plugin] No setting was found for '/rtx-defaults/ambientOcclusion/enabled'
2026-08-22 08:41:45 [7,882ms] [Warning] [omni.usd-abi.plugin] No setting was found for '/rtx-defaults/directLighting/sampledLighting/enabled'
2026-08-22 08:41:45 [7,882ms] [Warning] [omni.usd-abi.plugin] No setting was found for '/rtx-defaults/indirectDiffuse/enabled'
2026-08-22 08:41:45 [7,882ms] [Warning] [omni.usd-abi.plugin] No setting was found for '/rtx-defaults/raytracing/cached/enabled'
2026-08-22 08:41:45 [7,882ms] [Warning] [omni.usd-abi.plugin] No setting was found for '/rtx-defaults/reflections/enabled'
2026-08-22 08:41:45 [7,882ms] [Warning] [omni.usd-abi.plugin] No setting was found for '/rtx-defaults/sceneDb/ambientLightIntensity'
2026-08-22 08:41:45 [7,882ms] [Warning] [omni.usd-abi.plugin] No setting was found for '/rtx-defaults/translucency/enabled'
2026-08-22 08:41:45 [7,882ms] [Warning] [omni.usd-abi.plugin] No setting was found for '/rtx-defaults/viewTile/limit'
2026-08-22 08:41:45 [8,092ms] [Warning] [rtx.scenedb.plugin] SceneDbContext : TLAS limit buffer size 2908577024
2026-08-22 08:41:45 [8,092ms] [Warning] [rtx.scenedb.plugin] SceneDbContext : TLAS limit : valid true, within: false
2026-08-22 08:41:45 [8,260ms] [Warning] [omni.usd-abi.plugin] No setting was found for '/rtx-defaults/directLighting/sampledLighting/samplesPerPixel'
2026-08-22 08:41:45 [8,260ms] [Warning] [omni.usd-abi.plugin] No setting was found for '/rtx-defaults/pathtracing/maxSamplesPerLaunch'
2026-08-22 08:41:45 [8,260ms] [Warning] [omni.usd-abi.plugin] No setting was found for '/rtx-defaults-transient/meshlights/forceDisable'
2026-08-22 08:41:45 [8,372ms] [Warning] [omni.usd-abi.plugin] No setting was found for '/rtx-defaults/post/dlss/execMode'
[INFO]: Parsing configuration from: parkour_tasks.extreme_parkour_task.config.go2.parkour_student_cfg:UnitreeGo2StudentParkourEnvCfg_EVAL
[INFO]: Parsing configuration from: parkour_tasks.extreme_parkour_task.config.go2.agents.rsl_student_ppo_cfg:UnitreeGo2ParkourStudentPPORunnerCfg
[INFO] Loading experiment from directory: /root/autodl-tmp/Isaaclab_Parkour/logs/rsl_rl/unitree_go2_parkour
2026-08-22 08:41:48 [11,287ms] [Warning] [parkour_isaaclab.envs.parkour_manager_based_env] Seed not set for the environment. The environment creation may not be deterministic.
[INFO]: Base environment:
	Environment device    : cuda:0
	Environment seed      : None
	Physics step-size     : 0.005
	Rendering step-size   : 0.02
	Environment step-size : 0.02
[INFO] Generating terrains based on curriculum took : 0.593861 seconds
[INFO]: Time taken for scene creation : 2.552594 seconds
[INFO]: Scene manager:  <class InteractiveScene>
	Number of environments: 16
	Environment spacing   : 1.0
	Source prim name      : /World/envs/env_0
	Global prim paths     : ['/World/ground']
	Replicate physics     : True
[INFO]: Starting the simulation. This may take a few seconds. Please wait...
2026-08-22 08:41:55 [18,407ms] [Warning] [omni.hydra.scene_delegate.plugin] Calling getBypassRenderSkelMeshProcessing for prim /World/envs/env_0/Robot/RR_foot/visuals.proto_mesh_0_id0 that has not been populated
2026-08-22 08:41:56 [18,441ms] [Warning] [omni.hydra] Mesh '/World/envs/env_0/Robot/base/visuals.proto_mesh_0_id0' has corrupted data in primvar 'st_4': buffer size 30390 doesn't match expected size 233784 in faceVarying primvars
2026-08-22 08:41:56 [18,441ms] [Warning] [omni.hydra] Mesh '/World/envs/env_0/Robot/base/visuals.proto_mesh_0_id0' has corrupted data in primvar 'st_2': buffer size 6015 doesn't match expected size 233784 in faceVarying primvars
2026-08-22 08:41:56 [18,441ms] [Warning] [omni.hydra] Mesh '/World/envs/env_0/Robot/base/visuals.proto_mesh_0_id0' has corrupted data in primvar 'st_1': buffer size 6960 doesn't match expected size 233784 in faceVarying primvars
2026-08-22 08:41:56 [18,442ms] [Warning] [omni.hydra] Mesh '/World/envs/env_0/Robot/base/visuals.proto_mesh_0_id0' has corrupted data in primvar 'st_3': buffer size 11886 doesn't match expected size 233784 in faceVarying primvars
2026-08-22 08:41:56 [18,442ms] [Warning] [omni.hydra] Mesh '/World/envs/env_0/Robot/base/visuals.proto_mesh_0_id0' has corrupted data in primvar 'st': buffer size 178533 doesn't match expected size 233784 in faceVarying primvars
2026-08-22 08:41:56 [18,519ms] [Warning] [omni.hydra] Mesh '/World/envs/env_0/Robot/RR_thigh/visuals.proto_mesh_0_id0' has corrupted data in primvar 'st_1': buffer size 55254 doesn't match expected size 90378 in faceVarying primvars
2026-08-22 08:41:56 [18,519ms] [Warning] [omni.hydra] Mesh '/World/envs/env_0/Robot/RR_thigh/visuals.proto_mesh_0_id0' has corrupted data in primvar 'st': buffer size 35124 doesn't match expected size 90378 in faceVarying primvars
2026-08-22 08:41:56 [18,523ms] [Warning] [omni.hydra] Mesh '/World/envs/env_0/Robot/RR_hip/visuals.proto_mesh_0_id0' has corrupted data in primvar 'st_1': buffer size 54198 doesn't match expected size 111120 in faceVarying primvars
2026-08-22 08:41:56 [18,523ms] [Warning] [omni.hydra] Mesh '/World/envs/env_0/Robot/RR_hip/visuals.proto_mesh_0_id0' has corrupted data in primvar 'st': buffer size 56922 doesn't match expected size 111120 in faceVarying primvars
2026-08-22 08:41:56 [18,524ms] [Warning] [omni.hydra] Mesh '/World/envs/env_0/Robot/RR_calf/visuals.proto_mesh_0_id0' has corrupted data in primvar 'st_1': buffer size 19536 doesn't match expected size 25806 in faceVarying primvars
2026-08-22 08:41:56 [18,524ms] [Warning] [omni.hydra] Mesh '/World/envs/env_0/Robot/RR_calf/visuals.proto_mesh_0_id0' has corrupted data in primvar 'st': buffer size 6270 doesn't match expected size 25806 in faceVarying primvars
2026-08-22 08:41:56 [18,524ms] [Warning] [omni.hydra] Mesh '/World/envs/env_0/Robot/FR_calf/visuals.proto_mesh_0_id0' has corrupted data in primvar 'st_1': buffer size 19536 doesn't match expected size 25806 in faceVarying primvars
2026-08-22 08:41:56 [18,524ms] [Warning] [omni.hydra] Mesh '/World/envs/env_0/Robot/FR_calf/visuals.proto_mesh_0_id0' has corrupted data in primvar 'st': buffer size 6270 doesn't match expected size 25806 in faceVarying primvars
2026-08-22 08:41:56 [18,524ms] [Warning] [omni.hydra] Mesh '/World/envs/env_0/Robot/FL_hip/visuals.proto_mesh_0_id0' has corrupted data in primvar 'st_1': buffer size 54198 doesn't match expected size 111120 in faceVarying primvars
2026-08-22 08:41:56 [18,524ms] [Warning] [omni.hydra] Mesh '/World/envs/env_0/Robot/FL_hip/visuals.proto_mesh_0_id0' has corrupted data in primvar 'st': buffer size 56922 doesn't match expected size 111120 in faceVarying primvars
2026-08-22 08:41:56 [18,525ms] [Warning] [omni.hydra] Mesh '/World/envs/env_0/Robot/RL_thigh/visuals.proto_mesh_0_id0' has corrupted data in primvar 'st_1': buffer size 55278 doesn't match expected size 90402 in faceVarying primvars
2026-08-22 08:41:56 [18,525ms] [Warning] [omni.hydra] Mesh '/World/envs/env_0/Robot/RL_thigh/visuals.proto_mesh_0_id0' has corrupted data in primvar 'st': buffer size 35124 doesn't match expected size 90402 in faceVarying primvars
2026-08-22 08:41:56 [18,525ms] [Warning] [omni.hydra] Mesh '/World/envs/env_0/Robot/FR_thigh/visuals.proto_mesh_0_id0' has corrupted data in primvar 'st_1': buffer size 55254 doesn't match expected size 90378 in faceVarying primvars
2026-08-22 08:41:56 [18,525ms] [Warning] [omni.hydra] Mesh '/World/envs/env_0/Robot/FR_thigh/visuals.proto_mesh_0_id0' has corrupted data in primvar 'st': buffer size 35124 doesn't match expected size 90378 in faceVarying primvars
2026-08-22 08:41:56 [18,525ms] [Warning] [omni.hydra] Mesh '/World/envs/env_0/Robot/FR_hip/visuals.proto_mesh_0_id0' has corrupted data in primvar 'st_1': buffer size 54198 doesn't match expected size 111120 in faceVarying primvars
2026-08-22 08:41:56 [18,525ms] [Warning] [omni.hydra] Mesh '/World/envs/env_0/Robot/FR_hip/visuals.proto_mesh_0_id0' has corrupted data in primvar 'st': buffer size 56922 doesn't match expected size 111120 in faceVarying primvars
2026-08-22 08:41:56 [18,525ms] [Warning] [omni.hydra] Mesh '/World/envs/env_0/Robot/RL_hip/visuals.proto_mesh_0_id0' has corrupted data in primvar 'st_1': buffer size 54198 doesn't match expected size 111120 in faceVarying primvars
2026-08-22 08:41:56 [18,525ms] [Warning] [omni.hydra] Mesh '/World/envs/env_0/Robot/RL_hip/visuals.proto_mesh_0_id0' has corrupted data in primvar 'st': buffer size 56922 doesn't match expected size 111120 in faceVarying primvars
2026-08-22 08:41:56 [18,525ms] [Warning] [omni.hydra] Mesh '/World/envs/env_0/Robot/FL_thigh/visuals.proto_mesh_0_id0' has corrupted data in primvar 'st_1': buffer size 55278 doesn't match expected size 90402 in faceVarying primvars
2026-08-22 08:41:56 [18,525ms] [Warning] [omni.hydra] Mesh '/World/envs/env_0/Robot/FL_thigh/visuals.proto_mesh_0_id0' has corrupted data in primvar 'st': buffer size 35124 doesn't match expected size 90402 in faceVarying primvars
2026-08-22 08:41:56 [18,530ms] [Warning] [omni.hydra] Mesh '/World/envs/env_0/Robot/RL_calf/visuals.proto_mesh_0_id0' has corrupted data in primvar 'st_1': buffer size 19536 doesn't match expected size 25806 in faceVarying primvars
2026-08-22 08:41:56 [18,530ms] [Warning] [omni.hydra] Mesh '/World/envs/env_0/Robot/RL_calf/visuals.proto_mesh_0_id0' has corrupted data in primvar 'st': buffer size 6270 doesn't match expected size 25806 in faceVarying primvars
2026-08-22 08:41:56 [18,530ms] [Warning] [omni.hydra] Mesh '/World/envs/env_0/Robot/FL_calf/visuals.proto_mesh_0_id0' has corrupted data in primvar 'st_1': buffer size 19536 doesn't match expected size 25806 in faceVarying primvars
2026-08-22 08:41:56 [18,530ms] [Warning] [omni.hydra] Mesh '/World/envs/env_0/Robot/FL_calf/visuals.proto_mesh_0_id0' has corrupted data in primvar 'st': buffer size 6270 doesn't match expected size 25806 in faceVarying primvars
[INFO]: Time taken for simulation start : 5.108936 seconds
[INFO] Command Manager:  <CommandManager> contains 1 active terms.
+-----------------------------------------------+
|              Active Command Terms             |
+-------+---------------+-----------------------+
| Index | Name          |          Type         |
+-------+---------------+-----------------------+
|   0   | base_velocity | UniformParkourCommand |
+-------+---------------+-----------------------+

[INFO] Event Manager:  <EventManager> contains 3 active terms.
+---------------------------------------+
|  Active Event Terms in Mode: 'reset'  |
+--------+------------------------------+
| Index  | Name                         |
+--------+------------------------------+
|   0    | reset_root_state             |
|   1    | reset_robot_joints           |
|   2    | base_external_force_torque   |
+--------+------------------------------+
+----------------------------------------+
| Active Event Terms in Mode: 'startup'  |
+---------+------------------------------+
|  Index  | Name                         |
+---------+------------------------------+
|    0    | physics_material             |
|    1    | random_camera_position       |
+---------+------------------------------+
+------------------------------------------------------------+
|           Active Event Terms in Mode: 'interval'           |
+-------+--------------------------+-------------------------+
| Index | Name                     | Interval time range (s) |
+-------+--------------------------+-------------------------+
|   0   | push_by_setting_velocity |        (6.0, 6.0)       |
+-------+--------------------------+-------------------------+

[INFO] Recorder Manager:  <RecorderManager> contains 0 active terms.
+---------------------+
| Active Recorder Terms |
+-----------+---------+
|   Index   | Name    |
+-----------+---------+
+-----------+---------+

[INFO] Action Manager:  <ActionManager> contains 1 active terms.
+------------------------------------+
|  Active Action Terms (shape: 12)   |
+--------+-------------+-------------+
| Index  | Name        |   Dimension |
+--------+-------------+-------------+
|   0    | joint_pos   |          12 |
+--------+-------------+-------------+

[INFO] Parkour Manager: <CommandManager> contains 1 active terms.
+-------------------------------------+
|         Active Command Terms        |
+-------+--------------+--------------+
| Index | Name         |     Type     |
+-------+--------------+--------------+
|   0   | base_parkour | ParkourEvent |
+-------+--------------+--------------+

2026-08-22 08:41:57 [19,450ms] [Warning] [isaaclab.sensors.ray_caster.ray_caster] Raycaster attribute 'attach_yaw_only' property will be deprecated in a future release. Please use the parameter 'ray_alignment' instead. Setting ray_alignment to 'yaw'.
[INFO] Observation Manager: <ObservationManager> contains 3 groups.
+--------------------------------------------------------------+
| Active Observation Terms in Group: 'policy' (shape: (753,))  |
+---------+----------------------------------------+-----------+
|  Index  | Name                                   |   Shape   |
+---------+----------------------------------------+-----------+
|    0    | extreme_parkour_observations           |   (753,)  |
+---------+----------------------------------------+-----------+
+-------------------------------------------------------------+
| Active Observation Terms in Group: 'depth_camera' (shape: (58, 87)) |
+--------------+------------------------+---------------------+
|    Index     | Name                   |        Shape        |
+--------------+------------------------+---------------------+
|      0       | depth_cam              |       (58, 87)      |
+--------------+------------------------+---------------------+
+----------------------------------------------------------+
| Active Observation Terms in Group: 'delta_yaw_ok' (shape: (1,)) |
+--------------+----------------------------+--------------+
|    Index     | Name                       |    Shape     |
+--------------+----------------------------+--------------+
|      0       | deta_yaw_ok                |     (1,)     |
+--------------+----------------------------+--------------+

[INFO] Termination Manager:  <TerminationManager> contains 1 active terms.
+-------------------------------------+
|       Active Termination Terms      |
+-------+------------------+----------+
| Index | Name             | Time Out |
+-------+------------------+----------+
|   0   | total_terminates |   True   |
+-------+------------------+----------+

[INFO] Reward Manager:  <RewardManager> contains 14 active terms.
+---------------------------------------------+
|             Active Reward Terms             |
+-------+--------------------------+----------+
| Index | Name                     |   Weight |
+-------+--------------------------+----------+
|   0   | reward_collision         |    -10.0 |
|   1   | reward_feet_edge         |     -1.0 |
|   2   | reward_torques           |   -1e-05 |
|   3   | reward_dof_error         |    -0.04 |
|   4   | reward_hip_pos           |     -0.5 |
|   5   | reward_ang_vel_xy        |    -0.05 |
|   6   | reward_action_rate       |     -0.1 |
|   7   | reward_dof_acc           | -2.5e-07 |
|   8   | reward_lin_vel_z         |     -1.0 |
|   9   | reward_orientation       |     -1.0 |
|   10  | reward_feet_stumble      |     -1.0 |
|   11  | reward_tracking_goal_vel |      1.5 |
|   12  | reward_tracking_yaw      |      0.5 |
|   13  | reward_delta_torques     |   -1e-07 |
+-------+--------------------------+----------+

[INFO] Curriculum Manager:  <CurriculumManager> contains 0 active terms.
+----------------------+
| Active Curriculum Terms |
+-----------+----------+
|   Index   | Name     |
+-----------+----------+
+-----------+----------+

[INFO]: Completed setting up the environment...
[INFO] Recording videos during training.
        video_folder: /root/autodl-tmp/Isaaclab_Parkour/pretrained_official/videos/play
        step_trigger: lambda step: step == 0
        video_length: 500
        disable_logger: True
2026-08-22 08:41:58 [20,493ms] [Warning] [isaaclab.sensors.ray_caster.ray_caster] Raycaster attribute 'attach_yaw_only' property will be deprecated in a future release. Please use the parameter 'ray_alignment' instead. Setting ray_alignment to 'yaw'.
[INFO]: Loading model checkpoint from: /root/autodl-tmp/Isaaclab_Parkour/pretrained_official/student_model_99998.pt
Actor MLP: Actor(
  (priv_encoder): Sequential(
    (0): Linear(in_features=29, out_features=64, bias=True)
    (1): ELU(alpha=1.0)
    (2): Linear(in_features=64, out_features=20, bias=True)
    (3): ELU(alpha=1.0)
  )
  (history_encoder): StateHistoryEncoder(
    (activation_fn): ELU(alpha=1.0)
    (encoder): Sequential(
      (0): Linear(in_features=53, out_features=30, bias=True)
      (1): ELU(alpha=1.0)
    )
    (conv_layers): Sequential(
      (0): Conv1d(30, 20, kernel_size=(4,), stride=(2,))
      (1): ELU(alpha=1.0)
      (2): Conv1d(20, 10, kernel_size=(2,), stride=(1,))
      (3): ELU(alpha=1.0)
      (4): Flatten(start_dim=1, end_dim=-1)
    )
    (linear_output): Sequential(
      (0): Linear(in_features=30, out_features=20, bias=True)
      (1): ELU(alpha=1.0)
    )
  )
  (scan_encoder): Sequential(
    (0): Linear(in_features=132, out_features=128, bias=True)
    (1): ELU(alpha=1.0)
    (2): Linear(in_features=128, out_features=64, bias=True)
    (3): ELU(alpha=1.0)
    (4): Linear(in_features=64, out_features=32, bias=True)
    (5): Tanh()
  )
  (actor_backbone): Sequential(
    (0): Linear(in_features=114, out_features=512, bias=True)
    (1): ELU(alpha=1.0)
    (2): Linear(in_features=512, out_features=256, bias=True)
    (3): ELU(alpha=1.0)
    (4): Linear(in_features=256, out_features=128, bias=True)
    (5): ELU(alpha=1.0)
    (6): Linear(in_features=128, out_features=12, bias=True)
  )
)
Critic MLP: Sequential(
  (0): Linear(in_features=753, out_features=512, bias=True)
  (1): ELU(alpha=1.0)
  (2): Linear(in_features=512, out_features=256, bias=True)
  (3): ELU(alpha=1.0)
  (4): Linear(in_features=256, out_features=128, bias=True)
  (5): ELU(alpha=1.0)
  (6): Linear(in_features=128, out_features=1, bias=True)
)
Saved depth encoder detected, loading...
Saved depth actor detected, loading...
<scripts.rsl_rl.modules.on_policy_runner_with_extractor.OnPolicyRunnerWithExtractor object at 0x7f27a2d52020>
/root/autodl-tmp/Isaaclab_Parkour/scripts/rsl_rl/modules/feature_extractors/depth_backbone.py:63: TracerWarning: Converting a tensor to a Python boolean might cause the trace to be incorrect. We can't record the data flow of Python values, so this value will be treated as a constant in the future. This means that the trace might not generalize to other inputs!
  if self.hidden_states.shape[1] == 0:
/root/autodl-tmp/conda/envs/parkour/lib/python3.10/site-packages/torch/onnx/symbolic_opset9.py:4244: UserWarning: Exporting a model to ONNX with a batch_size other than 1, with a variable length with GRU can cause an error when running the ONNX model with a different batch size. Make sure to save the model with a batch size of 1, or define the initial states (h0/c0) as inputs of the model. 
  warnings.warn(
2026-08-22 08:42:00 [22,674ms] [Warning] [omni.syntheticdata.plugin] OgnSdPostRenderVarToHost : rendervar copy from texture directly to host buffer is counter-performant. Please use copy from texture to device buffer first.
2026-08-22 08:42:00 [22,802ms] [Warning] [isaaclab.sensors.ray_caster.ray_caster] Raycaster attribute 'attach_yaw_only' property will be deprecated in a future release. Please use the parameter 'ray_alignment' instead. Setting ray_alignment to 'yaw'.
2026-08-22 08:42:00 [23,014ms] [Warning] [isaaclab.sensors.ray_caster.ray_caster] Raycaster attribute 'attach_yaw_only' property will be deprecated in a future release. Please use the parameter 'ray_alignment' instead. Setting ray_alignment to 'yaw'.
2026-08-22 08:42:00 [23,224ms] [Warning] [isaaclab.sensors.ray_caster.ray_caster] Raycaster attribute 'attach_yaw_only' property will be deprecated in a future release. Please use the parameter 'ray_alignment' instead. Setting ray_alignment to 'yaw'.
2026-08-22 08:42:00 [23,438ms] [Warning] [isaaclab.sensors.ray_caster.ray_caster] Raycaster attribute 'attach_yaw_only' property will be deprecated in a future release. Please use the parameter 'ray_alignment' instead. Setting ray_alignment to 'yaw'.
2026-08-22 08:42:01 [23,653ms] [Warning] [isaaclab.sensors.ray_caster.ray_caster] Raycaster attribute 'attach_yaw_only' property will be deprecated in a future release. Please use the parameter 'ray_alignment' instead. Setting ray_alignment to 'yaw'.
2026-08-22 08:42:01 [23,862ms] [Warning] [isaaclab.sensors.ray_caster.ray_caster] Raycaster attribute 'attach_yaw_only' property will be deprecated in a future release. Please use the parameter 'ray_alignment' instead. Setting ray_alignment to 'yaw'.
2026-08-22 08:42:01 [24,069ms] [Warning] [isaaclab.sensors.ray_caster.ray_caster] Raycaster attribute 'attach_yaw_only' property will be deprecated in a future release. Please use the parameter 'ray_alignment' instead. Setting ray_alignment to 'yaw'.
2026-08-22 08:42:01 [24,284ms] [Warning] [isaaclab.sensors.ray_caster.ray_caster] Raycaster attribute 'attach_yaw_only' property will be deprecated in a future release. Please use the parameter 'ray_alignment' instead. Setting ray_alignment to 'yaw'.
2026-08-22 08:42:02 [24,496ms] [Warning] [isaaclab.sensors.ray_caster.ray_caster] Raycaster attribute 'attach_yaw_only' property will be deprecated in a future release. Please use the parameter 'ray_alignment' instead. Setting ray_alignment to 'yaw'.
2026-08-22 08:42:02 [24,712ms] [Warning] [isaaclab.sensors.ray_caster.ray_caster] Raycaster attribute 'attach_yaw_only' property will be deprecated in a future release. Please use the parameter 'ray_alignment' instead. Setting ray_alignment to 'yaw'.
2026-08-22 08:42:02 [24,924ms] [Warning] [isaaclab.sensors.ray_caster.ray_caster] Raycaster attribute 'attach_yaw_only' property will be deprecated in a future release. Please use the parameter 'ray_alignment' instead. Setting ray_alignment to 'yaw'.
2026-08-22 08:42:02 [25,131ms] [Warning] [isaaclab.sensors.ray_caster.ray_caster] Raycaster attribute 'attach_yaw_only' property will be deprecated in a future release. Please use the parameter 'ray_alignment' instead. Setting ray_alignment to 'yaw'.
2026-08-22 08:42:02 [25,342ms] [Warning] [isaaclab.sensors.ray_caster.ray_caster] Raycaster attribute 'attach_yaw_only' property will be deprecated in a future release. Please use the parameter 'ray_alignment' instead. Setting ray_alignment to 'yaw'.
2026-08-22 08:42:03 [25,555ms] [Warning] [isaaclab.sensors.ray_caster.ray_caster] Raycaster attribute 'attach_yaw_only' property will be deprecated in a future release. Please use the parameter 'ray_alignment' instead. Setting ray_alignment to 'yaw'.
2026-08-22 08:42:03 [25,791ms] [Warning] [isaaclab.sensors.ray_caster.ray_caster] Raycaster attribute 'attach_yaw_only' property will be deprecated in a future release. Please use the parameter 'ray_alignment' instead. Setting ray_alignment to 'yaw'.
2026-08-22 08:42:03 [26,008ms] [Warning] [isaaclab.sensors.ray_caster.ray_caster] Raycaster attribute 'attach_yaw_only' property will be deprecated in a future release. Please use the parameter 'ray_alignment' instead. Setting ray_alignment to 'yaw'.
2026-08-22 08:42:03 [26,220ms] [Warning] [isaaclab.sensors.ray_caster.ray_caster] Raycaster attribute 'attach_yaw_only' property will be deprecated in a future release. Please use the parameter 'ray_alignment' instead. Setting ray_alignment to 'yaw'.
2026-08-22 08:42:03 [26,430ms] [Warning] [isaaclab.sensors.ray_caster.ray_caster] Raycaster attribute 'attach_yaw_only' property will be deprecated in a future release. Please use the parameter 'ray_alignment' instead. Setting ray_alignment to 'yaw'.
2026-08-22 08:42:04 [26,644ms] [Warning] [isaaclab.sensors.ray_caster.ray_caster] Raycaster attribute 'attach_yaw_only' property will be deprecated in a future release. Please use the parameter 'ray_alignment' instead. Setting ray_alignment to 'yaw'.
2026-08-22 08:42:04 [26,860ms] [Warning] [isaaclab.sensors.ray_caster.ray_caster] Raycaster attribute 'attach_yaw_only' property will be deprecated in a future release. Please use the parameter 'ray_alignment' instead. Setting ray_alignment to 'yaw'.
2026-08-22 08:42:04 [27,074ms] [Warning] [isaaclab.sensors.ray_caster.ray_caster] Raycaster attribute 'attach_yaw_only' property will be deprecated in a future release. Please use the parameter 'ray_alignment' instead. Setting ray_alignment to 'yaw'.
2026-08-22 08:42:04 [27,285ms] [Warning] [isaaclab.sensors.ray_caster.ray_caster] Raycaster attribute 'attach_yaw_only' property will be deprecated in a future release. Please use the parameter 'ray_alignment' instead. Setting ray_alignment to 'yaw'.
2026-08-22 08:42:05 [27,504ms] [Warning] [isaaclab.sensors.ray_caster.ray_caster] Raycaster attribute 'attach_yaw_only' property will be deprecated in a future release. Please use the parameter 'ray_alignment' instead. Setting ray_alignment to 'yaw'.
2026-08-22 08:42:05 [27,718ms] [Warning] [isaaclab.sensors.ray_caster.ray_caster] Raycaster attribute 'attach_yaw_only' property will be deprecated in a future release. Please use the parameter 'ray_alignment' instead. Setting ray_alignment to 'yaw'.
2026-08-22 08:42:05 [27,935ms] [Warning] [isaaclab.sensors.ray_caster.ray_caster] Raycaster attribute 'attach_yaw_only' property will be deprecated in a future release. Please use the parameter 'ray_alignment' instead. Setting ray_alignment to 'yaw'.
2026-08-22 08:42:05 [28,165ms] [Warning] [isaaclab.sensors.ray_caster.ray_caster] Raycaster attribute 'attach_yaw_only' property will be deprecated in a future release. Please use the parameter 'ray_alignment' instead. Setting ray_alignment to 'yaw'.
2026-08-22 08:42:05 [28,395ms] [Warning] [isaaclab.sensors.ray_caster.ray_caster] Raycaster attribute 'attach_yaw_only' property will be deprecated in a future release. Please use the parameter 'ray_alignment' instead. Setting ray_alignment to 'yaw'.
2026-08-22 08:42:06 [28,610ms] [Warning] [isaaclab.sensors.ray_caster.ray_caster] Raycaster attribute 'attach_yaw_only' property will be deprecated in a future release. Please use the parameter 'ray_alignment' instead. Setting ray_alignment to 'yaw'.
2026-08-22 08:42:06 [28,826ms] [Warning] [isaaclab.sensors.ray_caster.ray_caster] Raycaster attribute 'attach_yaw_only' property will be deprecated in a future release. Please use the parameter 'ray_alignment' instead. Setting ray_alignment to 'yaw'.
2026-08-22 08:42:06 [29,039ms] [Warning] [isaaclab.sensors.ray_caster.ray_caster] Raycaster attribute 'attach_yaw_only' property will be deprecated in a future release. Please use the parameter 'ray_alignment' instead. Setting ray_alignment to 'yaw'.
2026-08-22 08:42:06 [29,261ms] [Warning] [isaaclab.sensors.ray_caster.ray_caster] Raycaster attribute 'attach_yaw_only' property will be deprecated in a future release. Please use the parameter 'ray_alignment' instead. Setting ray_alignment to 'yaw'.
2026-08-22 08:42:07 [29,499ms] [Warning] [isaaclab.sensors.ray_caster.ray_caster] Raycaster attribute 'attach_yaw_only' property will be deprecated in a future release. Please use the parameter 'ray_alignment' instead. Setting ray_alignment to 'yaw'.
2026-08-22 08:42:07 [29,714ms] [Warning] [isaaclab.sensors.ray_caster.ray_caster] Raycaster attribute 'attach_yaw_only' property will be deprecated in a future release. Please use the parameter 'ray_alignment' instead. Setting ray_alignment to 'yaw'.
2026-08-22 08:42:07 [29,929ms] [Warning] [isaaclab.sensors.ray_caster.ray_caster] Raycaster attribute 'attach_yaw_only' property will be deprecated in a future release. Please use the parameter 'ray_alignment' instead. Setting ray_alignment to 'yaw'.
2026-08-22 08:42:07 [30,142ms] [Warning] [isaaclab.sensors.ray_caster.ray_caster] Raycaster attribute 'attach_yaw_only' property will be deprecated in a future release. Please use the parameter 'ray_alignment' instead. Setting ray_alignment to 'yaw'.
2026-08-22 08:42:07 [30,360ms] [Warning] [isaaclab.sensors.ray_caster.ray_caster] Raycaster attribute 'attach_yaw_only' property will be deprecated in a future release. Please use the parameter 'ray_alignment' instead. Setting ray_alignment to 'yaw'.
2026-08-22 08:42:08 [30,574ms] [Warning] [isaaclab.sensors.ray_caster.ray_caster] Raycaster attribute 'attach_yaw_only' property will be deprecated in a future release. Please use the parameter 'ray_alignment' instead. Setting ray_alignment to 'yaw'.
2026-08-22 08:42:08 [30,787ms] [Warning] [isaaclab.sensors.ray_caster.ray_caster] Raycaster attribute 'attach_yaw_only' property will be deprecated in a future release. Please use the parameter 'ray_alignment' instead. Setting ray_alignment to 'yaw'.
2026-08-22 08:42:08 [31,000ms] [Warning] [isaaclab.sensors.ray_caster.ray_caster] Raycaster attribute 'attach_yaw_only' property will be deprecated in a future release. Please use the parameter 'ray_alignment' instead. Setting ray_alignment to 'yaw'.
2026-08-22 08:42:08 [31,210ms] [Warning] [isaaclab.sensors.ray_caster.ray_caster] Raycaster attribute 'attach_yaw_only' property will be deprecated in a future release. Please use the parameter 'ray_alignment' instead. Setting ray_alignment to 'yaw'.
2026-08-22 08:42:08 [31,419ms] [Warning] [isaaclab.sensors.ray_caster.ray_caster] Raycaster attribute 'attach_yaw_only' property will be deprecated in a future release. Please use the parameter 'ray_alignment' instead. Setting ray_alignment to 'yaw'.
2026-08-22 08:42:09 [31,633ms] [Warning] [isaaclab.sensors.ray_caster.ray_caster] Raycaster attribute 'attach_yaw_only' property will be deprecated in a future release. Please use the parameter 'ray_alignment' instead. Setting ray_alignment to 'yaw'.
2026-08-22 08:42:09 [31,846ms] [Warning] [isaaclab.sensors.ray_caster.ray_caster] Raycaster attribute 'attach_yaw_only' property will be deprecated in a future release. Please use the parameter 'ray_alignment' instead. Setting ray_alignment to 'yaw'.
2026-08-22 08:42:09 [32,058ms] [Warning] [isaaclab.sensors.ray_caster.ray_caster] Raycaster attribute 'attach_yaw_only' property will be deprecated in a future release. Please use the parameter 'ray_alignment' instead. Setting ray_alignment to 'yaw'.
2026-08-22 08:42:09 [32,267ms] [Warning] [isaaclab.sensors.ray_caster.ray_caster] Raycaster attribute 'attach_yaw_only' property will be deprecated in a future release. Please use the parameter 'ray_alignment' instead. Setting ray_alignment to 'yaw'.
2026-08-22 08:42:10 [32,480ms] [Warning] [isaaclab.sensors.ray_caster.ray_caster] Raycaster attribute 'attach_yaw_only' property will be deprecated in a future release. Please use the parameter 'ray_alignment' instead. Setting ray_alignment to 'yaw'.
2026-08-22 08:42:10 [32,701ms] [Warning] [isaaclab.sensors.ray_caster.ray_caster] Raycaster attribute 'attach_yaw_only' property will be deprecated in a future release. Please use the parameter 'ray_alignment' instead. Setting ray_alignment to 'yaw'.
2026-08-22 08:42:10 [32,952ms] [Warning] [isaaclab.sensors.ray_caster.ray_caster] Raycaster attribute 'attach_yaw_only' property will be deprecated in a future release. Please use the parameter 'ray_alignment' instead. Setting ray_alignment to 'yaw'.
2026-08-22 08:42:10 [33,163ms] [Warning] [isaaclab.sensors.ray_caster.ray_caster] Raycaster attribute 'attach_yaw_only' property will be deprecated in a future release. Please use the parameter 'ray_alignment' instead. Setting ray_alignment to 'yaw'.
2026-08-22 08:42:10 [33,375ms] [Warning] [isaaclab.sensors.ray_caster.ray_caster] Raycaster attribute 'attach_yaw_only' property will be deprecated in a future release. Please use the parameter 'ray_alignment' instead. Setting ray_alignment to 'yaw'.
2026-08-22 08:42:11 [33,587ms] [Warning] [isaaclab.sensors.ray_caster.ray_caster] Raycaster attribute 'attach_yaw_only' property will be deprecated in a future release. Please use the parameter 'ray_alignment' instead. Setting ray_alignment to 'yaw'.
2026-08-22 08:42:11 [33,800ms] [Warning] [isaaclab.sensors.ray_caster.ray_caster] Raycaster attribute 'attach_yaw_only' property will be deprecated in a future release. Please use the parameter 'ray_alignment' instead. Setting ray_alignment to 'yaw'.
2026-08-22 08:42:11 [34,011ms] [Warning] [isaaclab.sensors.ray_caster.ray_caster] Raycaster attribute 'attach_yaw_only' property will be deprecated in a future release. Please use the parameter 'ray_alignment' instead. Setting ray_alignment to 'yaw'.
2026-08-22 08:42:11 [34,223ms] [Warning] [isaaclab.sensors.ray_caster.ray_caster] Raycaster attribute 'attach_yaw_only' property will be deprecated in a future release. Please use the parameter 'ray_alignment' instead. Setting ray_alignment to 'yaw'.
2026-08-22 08:42:11 [34,435ms] [Warning] [isaaclab.sensors.ray_caster.ray_caster] Raycaster attribute 'attach_yaw_only' property will be deprecated in a future release. Please use the parameter 'ray_alignment' instead. Setting ray_alignment to 'yaw'.
2026-08-22 08:42:12 [34,651ms] [Warning] [isaaclab.sensors.ray_caster.ray_caster] Raycaster attribute 'attach_yaw_only' property will be deprecated in a future release. Please use the parameter 'ray_alignment' instead. Setting ray_alignment to 'yaw'.
2026-08-22 08:42:12 [34,859ms] [Warning] [isaaclab.sensors.ray_caster.ray_caster] Raycaster attribute 'attach_yaw_only' property will be deprecated in a future release. Please use the parameter 'ray_alignment' instead. Setting ray_alignment to 'yaw'.
2026-08-22 08:42:12 [35,091ms] [Warning] [isaaclab.sensors.ray_caster.ray_caster] Raycaster attribute 'attach_yaw_only' property will be deprecated in a future release. Please use the parameter 'ray_alignment' instead. Setting ray_alignment to 'yaw'.
2026-08-22 08:42:12 [35,310ms] [Warning] [isaaclab.sensors.ray_caster.ray_caster] Raycaster attribute 'attach_yaw_only' property will be deprecated in a future release. Please use the parameter 'ray_alignment' instead. Setting ray_alignment to 'yaw'.
2026-08-22 08:42:13 [35,524ms] [Warning] [isaaclab.sensors.ray_caster.ray_caster] Raycaster attribute 'attach_yaw_only' property will be deprecated in a future release. Please use the parameter 'ray_alignment' instead. Setting ray_alignment to 'yaw'.
2026-08-22 08:42:13 [35,736ms] [Warning] [isaaclab.sensors.ray_caster.ray_caster] Raycaster attribute 'attach_yaw_only' property will be deprecated in a future release. Please use the parameter 'ray_alignment' instead. Setting ray_alignment to 'yaw'.
2026-08-22 08:42:13 [35,951ms] [Warning] [isaaclab.sensors.ray_caster.ray_caster] Raycaster attribute 'attach_yaw_only' property will be deprecated in a future release. Please use the parameter 'ray_alignment' instead. Setting ray_alignment to 'yaw'.
2026-08-22 08:42:13 [36,169ms] [Warning] [isaaclab.sensors.ray_caster.ray_caster] Raycaster attribute 'attach_yaw_only' property will be deprecated in a future release. Please use the parameter 'ray_alignment' instead. Setting ray_alignment to 'yaw'.
2026-08-22 08:42:13 [36,393ms] [Warning] [isaaclab.sensors.ray_caster.ray_caster] Raycaster attribute 'attach_yaw_only' property will be deprecated in a future release. Please use the parameter 'ray_alignment' instead. Setting ray_alignment to 'yaw'.
2026-08-22 08:42:14 [36,621ms] [Warning] [isaaclab.sensors.ray_caster.ray_caster] Raycaster attribute 'attach_yaw_only' property will be deprecated in a future release. Please use the parameter 'ray_alignment' instead. Setting ray_alignment to 'yaw'.
2026-08-22 08:42:14 [36,844ms] [Warning] [isaaclab.sensors.ray_caster.ray_caster] Raycaster attribute 'attach_yaw_only' property will be deprecated in a future release. Please use the parameter 'ray_alignment' instead. Setting ray_alignment to 'yaw'.
2026-08-22 08:42:14 [37,124ms] [Warning] [isaaclab.sensors.ray_caster.ray_caster] Raycaster attribute 'attach_yaw_only' property will be deprecated in a future release. Please use the parameter 'ray_alignment' instead. Setting ray_alignment to 'yaw'.
2026-08-22 08:42:14 [37,342ms] [Warning] [isaaclab.sensors.ray_caster.ray_caster] Raycaster attribute 'attach_yaw_only' property will be deprecated in a future release. Please use the parameter 'ray_alignment' instead. Setting ray_alignment to 'yaw'.
2026-08-22 08:42:15 [37,590ms] [Warning] [isaaclab.sensors.ray_caster.ray_caster] Raycaster attribute 'attach_yaw_only' property will be deprecated in a future release. Please use the parameter 'ray_alignment' instead. Setting ray_alignment to 'yaw'.
2026-08-22 08:42:15 [37,840ms] [Warning] [isaaclab.sensors.ray_caster.ray_caster] Raycaster attribute 'attach_yaw_only' property will be deprecated in a future release. Please use the parameter 'ray_alignment' instead. Setting ray_alignment to 'yaw'.
2026-08-22 08:42:15 [38,059ms] [Warning] [isaaclab.sensors.ray_caster.ray_caster] Raycaster attribute 'attach_yaw_only' property will be deprecated in a future release. Please use the parameter 'ray_alignment' instead. Setting ray_alignment to 'yaw'.
2026-08-22 08:42:15 [38,295ms] [Warning] [isaaclab.sensors.ray_caster.ray_caster] Raycaster attribute 'attach_yaw_only' property will be deprecated in a future release. Please use the parameter 'ray_alignment' instead. Setting ray_alignment to 'yaw'.
2026-08-22 08:42:16 [38,514ms] [Warning] [isaaclab.sensors.ray_caster.ray_caster] Raycaster attribute 'attach_yaw_only' property will be deprecated in a future release. Please use the parameter 'ray_alignment' instead. Setting ray_alignment to 'yaw'.
2026-08-22 08:42:16 [38,733ms] [Warning] [isaaclab.sensors.ray_caster.ray_caster] Raycaster attribute 'attach_yaw_only' property will be deprecated in a future release. Please use the parameter 'ray_alignment' instead. Setting ray_alignment to 'yaw'.
2026-08-22 08:42:16 [38,957ms] [Warning] [isaaclab.sensors.ray_caster.ray_caster] Raycaster attribute 'attach_yaw_only' property will be deprecated in a future release. Please use the parameter 'ray_alignment' instead. Setting ray_alignment to 'yaw'.
2026-08-22 08:42:16 [39,180ms] [Warning] [isaaclab.sensors.ray_caster.ray_caster] Raycaster attribute 'attach_yaw_only' property will be deprecated in a future release. Please use the parameter 'ray_alignment' instead. Setting ray_alignment to 'yaw'.
2026-08-22 08:42:16 [39,402ms] [Warning] [isaaclab.sensors.ray_caster.ray_caster] Raycaster attribute 'attach_yaw_only' property will be deprecated in a future release. Please use the parameter 'ray_alignment' instead. Setting ray_alignment to 'yaw'.
2026-08-22 08:42:17 [39,618ms] [Warning] [isaaclab.sensors.ray_caster.ray_caster] Raycaster attribute 'attach_yaw_only' property will be deprecated in a future release. Please use the parameter 'ray_alignment' instead. Setting ray_alignment to 'yaw'.
2026-08-22 08:42:17 [39,845ms] [Warning] [isaaclab.sensors.ray_caster.ray_caster] Raycaster attribute 'attach_yaw_only' property will be deprecated in a future release. Please use the parameter 'ray_alignment' instead. Setting ray_alignment to 'yaw'.
2026-08-22 08:42:17 [40,067ms] [Warning] [isaaclab.sensors.ray_caster.ray_caster] Raycaster attribute 'attach_yaw_only' property will be deprecated in a future release. Please use the parameter 'ray_alignment' instead. Setting ray_alignment to 'yaw'.
2026-08-22 08:42:17 [40,282ms] [Warning] [isaaclab.sensors.ray_caster.ray_caster] Raycaster attribute 'attach_yaw_only' property will be deprecated in a future release. Please use the parameter 'ray_alignment' instead. Setting ray_alignment to 'yaw'.
2026-08-22 08:42:18 [40,498ms] [Warning] [isaaclab.sensors.ray_caster.ray_caster] Raycaster attribute 'attach_yaw_only' property will be deprecated in a future release. Please use the parameter 'ray_alignment' instead. Setting ray_alignment to 'yaw'.
2026-08-22 08:42:18 [40,725ms] [Warning] [isaaclab.sensors.ray_caster.ray_caster] Raycaster attribute 'attach_yaw_only' property will be deprecated in a future release. Please use the parameter 'ray_alignment' instead. Setting ray_alignment to 'yaw'.
2026-08-22 08:42:18 [40,940ms] [Warning] [isaaclab.sensors.ray_caster.ray_caster] Raycaster attribute 'attach_yaw_only' property will be deprecated in a future release. Please use the parameter 'ray_alignment' instead. Setting ray_alignment to 'yaw'.
2026-08-22 08:42:18 [41,154ms] [Warning] [isaaclab.sensors.ray_caster.ray_caster] Raycaster attribute 'attach_yaw_only' property will be deprecated in a future release. Please use the parameter 'ray_alignment' instead. Setting ray_alignment to 'yaw'.
2026-08-22 08:42:18 [41,369ms] [Warning] [isaaclab.sensors.ray_caster.ray_caster] Raycaster attribute 'attach_yaw_only' property will be deprecated in a future release. Please use the parameter 'ray_alignment' instead. Setting ray_alignment to 'yaw'.
2026-08-22 08:42:19 [41,589ms] [Warning] [isaaclab.sensors.ray_caster.ray_caster] Raycaster attribute 'attach_yaw_only' property will be deprecated in a future release. Please use the parameter 'ray_alignment' instead. Setting ray_alignment to 'yaw'.
2026-08-22 08:42:19 [41,807ms] [Warning] [isaaclab.sensors.ray_caster.ray_caster] Raycaster attribute 'attach_yaw_only' property will be deprecated in a future release. Please use the parameter 'ray_alignment' instead. Setting ray_alignment to 'yaw'.
2026-08-22 08:42:19 [42,034ms] [Warning] [isaaclab.sensors.ray_caster.ray_caster] Raycaster attribute 'attach_yaw_only' property will be deprecated in a future release. Please use the parameter 'ray_alignment' instead. Setting ray_alignment to 'yaw'.
2026-08-22 08:42:19 [42,257ms] [Warning] [isaaclab.sensors.ray_caster.ray_caster] Raycaster attribute 'attach_yaw_only' property will be deprecated in a future release. Please use the parameter 'ray_alignment' instead. Setting ray_alignment to 'yaw'.
2026-08-22 08:42:20 [42,479ms] [Warning] [isaaclab.sensors.ray_caster.ray_caster] Raycaster attribute 'attach_yaw_only' property will be deprecated in a future release. Please use the parameter 'ray_alignment' instead. Setting ray_alignment to 'yaw'.
2026-08-22 08:42:20 [42,785ms] [Warning] [isaaclab.sensors.ray_caster.ray_caster] Raycaster attribute 'attach_yaw_only' property will be deprecated in a future release. Please use the parameter 'ray_alignment' instead. Setting ray_alignment to 'yaw'.
2026-08-22 08:42:20 [42,999ms] [Warning] [isaaclab.sensors.ray_caster.ray_caster] Raycaster attribute 'attach_yaw_only' property will be deprecated in a future release. Please use the parameter 'ray_alignment' instead. Setting ray_alignment to 'yaw'.
2026-08-22 08:42:20 [43,214ms] [Warning] [isaaclab.sensors.ray_caster.ray_caster] Raycaster attribute 'attach_yaw_only' property will be deprecated in a future release. Please use the parameter 'ray_alignment' instead. Setting ray_alignment to 'yaw'.
2026-08-22 08:42:20 [43,429ms] [Warning] [isaaclab.sensors.ray_caster.ray_caster] Raycaster attribute 'attach_yaw_only' property will be deprecated in a future release. Please use the parameter 'ray_alignment' instead. Setting ray_alignment to 'yaw'.
2026-08-22 08:42:21 [43,648ms] [Warning] [isaaclab.sensors.ray_caster.ray_caster] Raycaster attribute 'attach_yaw_only' property will be deprecated in a future release. Please use the parameter 'ray_alignment' instead. Setting ray_alignment to 'yaw'.
2026-08-22 08:42:21 [43,867ms] [Warning] [isaaclab.sensors.ray_caster.ray_caster] Raycaster attribute 'attach_yaw_only' property will be deprecated in a future release. Please use the parameter 'ray_alignment' instead. Setting ray_alignment to 'yaw'.
2026-08-22 08:42:21 [44,082ms] [Warning] [isaaclab.sensors.ray_caster.ray_caster] Raycaster attribute 'attach_yaw_only' property will be deprecated in a future release. Please use the parameter 'ray_alignment' instead. Setting ray_alignment to 'yaw'.
2026-08-22 08:42:21 [44,295ms] [Warning] [isaaclab.sensors.ray_caster.ray_caster] Raycaster attribute 'attach_yaw_only' property will be deprecated in a future release. Please use the parameter 'ray_alignment' instead. Setting ray_alignment to 'yaw'.
2026-08-22 08:42:22 [44,533ms] [Warning] [isaaclab.sensors.ray_caster.ray_caster] Raycaster attribute 'attach_yaw_only' property will be deprecated in a future release. Please use the parameter 'ray_alignment' instead. Setting ray_alignment to 'yaw'.
Exception ignored in: <function ParkourViewportCameraController.__del__ at 0x7f27a4bf20e0>
Traceback (most recent call last):
  File "/root/autodl-tmp/Isaaclab_Parkour/parkour_isaaclab/envs/parkour_viewprot_camera_contoller.py", line 70, in __del__
    self._input.unsubscribe_from_keyboard_events(self._keyboard, self._keyboard_sub)
AttributeError: 'carb.input.IInput' object has no attribute 'unsubscribe_from_keyboard_events'
