[INFO][AppLauncher]: Using device: cuda:0
[INFO][AppLauncher]: Loading experience file: /root/autodl-tmp/IsaacLab/apps/isaaclab.python.headless.rendering.kit
[Warning] [simulation_app.simulation_app] Modules: ['omni.kit_app'] were loaded before SimulationApp was started and might not be loaded correctly.
[Warning] [simulation_app.simulation_app] Please check to make sure no extra omniverse or pxr modules are imported before the call to SimulationApp(...)
Loading user config located at: '/root/autodl-tmp/conda/envs/parkour/lib/python3.10/site-packages/omni/data/Kit/Isaac-Sim/4.5/user.config.json'
[Info] [carb] Logging to file: /root/autodl-tmp/conda/envs/parkour/lib/python3.10/site-packages/omni/logs/Kit/Isaac-Sim/4.5/kit_20260822_163311.log
2026-08-22 08:33:11 [0ms] [Warning] [omni.kit.app.plugin] No crash reporter present, dumps uploading isn't available.
2026-08-22 08:33:11 [6ms] [Warning] [omni.ext.plugin] [ext: rendering_modes] Extensions config 'extension.toml' doesn't exist '/root/autodl-tmp/IsaacLab/apps/rendering_modes' or '/root/autodl-tmp/IsaacLab/apps/rendering_modes/config'
2026-08-22 08:33:11 [208ms] [Warning] [omni.datastore] OmniHub is inaccessible
2026-08-22 08:33:11 [226ms] [Warning] [carb.windowing-glfw.plugin] GLFW initialization failed.
2026-08-22 08:33:11 [226ms] [Warning] [carb] Failed to startup plugin carb.windowing-glfw.plugin (interfaces: [carb::windowing::IGLContext v1.0],[carb::windowing::IWindowing v1.5]) (impl: carb.windowing-glfw.plugin)
2026-08-22 08:33:11 [311ms] [Warning] [omni.platforminfo.plugin] failed to open the default display.  Can't verify X Server version.

|---------------------------------------------------------------------------------------------|
| Driver Version: 580.142       | Graphics API: Vulkan
|=============================================================================================|
| GPU | Name                             | Active | LDA | GPU Memory | Vendor-ID | LUID       |
|     |                                  |        |     |            | Device-ID | UUID       |
|     |                                  |        |     |            | Bus-ID    |            |
|---------------------------------------------------------------------------------------------|
| 0   | NVIDIA GeForce RTX 4090          | Yes: 0 |     | 24810   MB | 10de      | 0          |
|     |                                  |        |     |            | 2684      | fbfb581f.. |
|     |                                  |        |     |            | 1b        |            |
|=============================================================================================|
| OS: 22.04.3 LTS (Jammy Jellyfish) ubuntu, Version: 22.04.3, Kernel: 5.15.0-78-generic
| Processor: Intel(R) Xeon(R) Platinum 8352V CPU @ 2.10GHz
| Bare Metal Cores: 64 | Bare Metal Logical Cores: 128
| Core Usage Quota: 16
|---------------------------------------------------------------------------------------------|
| Total Memory (MB): 122880 | Free Memory: 122045
| Total Page/Swap (MB): 0 | Free Page/Swap: 0
|---------------------------------------------------------------------------------------------|
2026-08-22 08:33:13 [2,025ms] [Warning] [carb.windowing-glfw.plugin] GLFW initialization failed.
2026-08-22 08:33:13 [2,025ms] [Warning] [carb] Failed to startup plugin carb.windowing-glfw.plugin (interfaces: [carb::windowing::IGLContext v1.0],[carb::windowing::IWindowing v1.5]) (impl: carb.windowing-glfw.plugin)
2026-08-22 08:33:13 [2,051ms] [Warning] [carb.windowing-glfw.plugin] GLFW initialization failed.
2026-08-22 08:33:13 [2,051ms] [Warning] [carb] Failed to startup plugin carb.windowing-glfw.plugin (interfaces: [carb::windowing::IGLContext v1.0],[carb::windowing::IWindowing v1.5]) (impl: carb.windowing-glfw.plugin)
2026-08-22 08:33:13 [2,063ms] [Warning] [carb.windowing-glfw.plugin] GLFW initialization failed.
2026-08-22 08:33:13 [2,063ms] [Warning] [carb] Failed to startup plugin carb.windowing-glfw.plugin (interfaces: [carb::windowing::IGLContext v1.0],[carb::windowing::IWindowing v1.5]) (impl: carb.windowing-glfw.plugin)
2026-08-22 08:33:13 [2,092ms] [Warning] [carb.windowing-glfw.plugin] GLFW initialization failed.
2026-08-22 08:33:13 [2,092ms] [Warning] [carb] Failed to startup plugin carb.windowing-glfw.plugin (interfaces: [carb::windowing::IGLContext v1.0],[carb::windowing::IWindowing v1.5]) (impl: carb.windowing-glfw.plugin)
2026-08-22 08:33:13 [2,093ms] [Warning] [carb.windowing-glfw.plugin] GLFW initialization failed.
2026-08-22 08:33:13 [2,093ms] [Warning] [carb] Failed to startup plugin carb.windowing-glfw.plugin (interfaces: [carb::windowing::IGLContext v1.0],[carb::windowing::IWindowing v1.5]) (impl: carb.windowing-glfw.plugin)
2026-08-22 08:33:13 [2,095ms] [Warning] [carb.windowing-glfw.plugin] GLFW initialization failed.
2026-08-22 08:33:13 [2,095ms] [Warning] [carb] Failed to startup plugin carb.windowing-glfw.plugin (interfaces: [carb::windowing::IGLContext v1.0],[carb::windowing::IWindowing v1.5]) (impl: carb.windowing-glfw.plugin)
2026-08-22 08:33:13 [2,553ms] [Warning] [omni.isaac.dynamic_control] omni.isaac.dynamic_control is deprecated as of Isaac Sim 4.5. No action is needed from end-users.
2026-08-22 08:33:15 [4,385ms] [Warning] [omni.log] Source: omni.hydra was already registered.
2026-08-22 08:33:16 [5,646ms] [Warning] [omni.replicator.core.scripts.extension] No material configuration file, adding configuration to material settings directly.
2026-08-22 08:33:19 [8,425ms] [Warning] [omni.usd-abi.plugin] No setting was found for '/rtx-defaults/ambientOcclusion/enabled'
2026-08-22 08:33:19 [8,425ms] [Warning] [omni.usd-abi.plugin] No setting was found for '/rtx-defaults/directLighting/sampledLighting/enabled'
2026-08-22 08:33:19 [8,425ms] [Warning] [omni.usd-abi.plugin] No setting was found for '/rtx-defaults/indirectDiffuse/enabled'
2026-08-22 08:33:19 [8,425ms] [Warning] [omni.usd-abi.plugin] No setting was found for '/rtx-defaults/raytracing/cached/enabled'
2026-08-22 08:33:19 [8,425ms] [Warning] [omni.usd-abi.plugin] No setting was found for '/rtx-defaults/reflections/enabled'
2026-08-22 08:33:19 [8,425ms] [Warning] [omni.usd-abi.plugin] No setting was found for '/rtx-defaults/sceneDb/ambientLightIntensity'
2026-08-22 08:33:19 [8,425ms] [Warning] [omni.usd-abi.plugin] No setting was found for '/rtx-defaults/translucency/enabled'
2026-08-22 08:33:19 [8,425ms] [Warning] [omni.usd-abi.plugin] No setting was found for '/rtx-defaults/viewTile/limit'
2026-08-22 08:33:19 [8,759ms] [Warning] [rtx.scenedb.plugin] SceneDbContext : TLAS limit buffer size 2908577024
2026-08-22 08:33:19 [8,759ms] [Warning] [rtx.scenedb.plugin] SceneDbContext : TLAS limit : valid true, within: false
2026-08-22 08:33:20 [8,988ms] [Warning] [omni.usd-abi.plugin] No setting was found for '/rtx-defaults/directLighting/sampledLighting/samplesPerPixel'
2026-08-22 08:33:20 [8,988ms] [Warning] [omni.usd-abi.plugin] No setting was found for '/rtx-defaults/pathtracing/maxSamplesPerLaunch'
2026-08-22 08:33:20 [8,989ms] [Warning] [omni.usd-abi.plugin] No setting was found for '/rtx-defaults-transient/meshlights/forceDisable'
2026-08-22 08:33:20 [9,246ms] [Warning] [omni.usd-abi.plugin] No setting was found for '/rtx-defaults/post/dlss/execMode'
[INFO]: Parsing configuration from: parkour_tasks.extreme_parkour_task.config.go2.parkour_teacher_cfg:UnitreeGo2TeacherParkourEnvCfg_EVAL
[INFO]: Parsing configuration from: parkour_tasks.extreme_parkour_task.config.go2.agents.rsl_teacher_ppo_cfg:UnitreeGo2ParkourTeacherPPORunnerCfg
[INFO] Loading experiment from directory: /root/autodl-tmp/Isaaclab_Parkour/logs/rsl_rl/unitree_go2_parkour
2026-08-22 08:34:43 [92,025ms] [Warning] [parkour_isaaclab.envs.parkour_manager_based_env] Seed not set for the environment. The environment creation may not be deterministic.
[INFO]: Base environment:
	Environment device    : cuda:0
	Environment seed      : None
	Physics step-size     : 0.005
	Rendering step-size   : 0.02
	Environment step-size : 0.02
[INFO] Generating terrains based on curriculum took : 0.295157 seconds
[INFO]: Time taken for scene creation : 3.098692 seconds
[INFO]: Scene manager:  <class InteractiveScene>
	Number of environments: 16
	Environment spacing   : 1.0
	Source prim name      : /World/envs/env_0
	Global prim paths     : ['/World/ground']
	Replicate physics     : True
[INFO]: Starting the simulation. This may take a few seconds. Please wait...
2026-08-22 08:35:41 [149,862ms] [Warning] [omni.hydra.scene_delegate.plugin] Calling getBypassRenderSkelMeshProcessing for prim /World/envs/env_0/Robot/RL_foot/visuals.proto_mesh_0_id0 that has not been populated
2026-08-22 08:35:41 [149,873ms] [Warning] [omni.hydra] Mesh '/World/envs/env_0/Robot/RL_calf/visuals.proto_mesh_0_id0' has corrupted data in primvar 'st_1': buffer size 19536 doesn't match expected size 25806 in faceVarying primvars
2026-08-22 08:35:41 [149,873ms] [Warning] [omni.hydra] Mesh '/World/envs/env_0/Robot/FL_calf/visuals.proto_mesh_0_id0' has corrupted data in primvar 'st_1': buffer size 19536 doesn't match expected size 25806 in faceVarying primvars
2026-08-22 08:35:41 [149,873ms] [Warning] [omni.hydra] Mesh '/World/envs/env_0/Robot/FL_calf/visuals.proto_mesh_0_id0' has corrupted data in primvar 'st': buffer size 6270 doesn't match expected size 25806 in faceVarying primvars
2026-08-22 08:35:41 [149,873ms] [Warning] [omni.hydra] Mesh '/World/envs/env_0/Robot/RL_calf/visuals.proto_mesh_0_id0' has corrupted data in primvar 'st': buffer size 6270 doesn't match expected size 25806 in faceVarying primvars
2026-08-22 08:35:41 [149,873ms] [Warning] [omni.hydra] Mesh '/World/envs/env_0/Robot/FR_calf/visuals.proto_mesh_0_id0' has corrupted data in primvar 'st_1': buffer size 19536 doesn't match expected size 25806 in faceVarying primvars
2026-08-22 08:35:41 [149,873ms] [Warning] [omni.hydra] Mesh '/World/envs/env_0/Robot/FR_calf/visuals.proto_mesh_0_id0' has corrupted data in primvar 'st': buffer size 6270 doesn't match expected size 25806 in faceVarying primvars
2026-08-22 08:35:41 [149,874ms] [Warning] [omni.hydra] Mesh '/World/envs/env_0/Robot/FL_thigh/visuals.proto_mesh_0_id0' has corrupted data in primvar 'st_1': buffer size 55278 doesn't match expected size 90402 in faceVarying primvars
2026-08-22 08:35:41 [149,874ms] [Warning] [omni.hydra] Mesh '/World/envs/env_0/Robot/FL_thigh/visuals.proto_mesh_0_id0' has corrupted data in primvar 'st': buffer size 35124 doesn't match expected size 90402 in faceVarying primvars
2026-08-22 08:35:41 [149,875ms] [Warning] [omni.hydra] Mesh '/World/envs/env_0/Robot/FL_hip/visuals.proto_mesh_0_id0' has corrupted data in primvar 'st_1': buffer size 54198 doesn't match expected size 111120 in faceVarying primvars
2026-08-22 08:35:41 [149,875ms] [Warning] [omni.hydra] Mesh '/World/envs/env_0/Robot/FR_thigh/visuals.proto_mesh_0_id0' has corrupted data in primvar 'st_1': buffer size 55254 doesn't match expected size 90378 in faceVarying primvars
2026-08-22 08:35:41 [149,875ms] [Warning] [omni.hydra] Mesh '/World/envs/env_0/Robot/FR_thigh/visuals.proto_mesh_0_id0' has corrupted data in primvar 'st': buffer size 35124 doesn't match expected size 90378 in faceVarying primvars
2026-08-22 08:35:41 [149,875ms] [Warning] [omni.hydra] Mesh '/World/envs/env_0/Robot/FL_hip/visuals.proto_mesh_0_id0' has corrupted data in primvar 'st': buffer size 56922 doesn't match expected size 111120 in faceVarying primvars
2026-08-22 08:35:41 [149,875ms] [Warning] [omni.hydra] Mesh '/World/envs/env_0/Robot/RL_thigh/visuals.proto_mesh_0_id0' has corrupted data in primvar 'st_1': buffer size 55278 doesn't match expected size 90402 in faceVarying primvars
2026-08-22 08:35:41 [149,875ms] [Warning] [omni.hydra] Mesh '/World/envs/env_0/Robot/RR_thigh/visuals.proto_mesh_0_id0' has corrupted data in primvar 'st_1': buffer size 55254 doesn't match expected size 90378 in faceVarying primvars
2026-08-22 08:35:41 [149,875ms] [Warning] [omni.hydra] Mesh '/World/envs/env_0/Robot/RR_thigh/visuals.proto_mesh_0_id0' has corrupted data in primvar 'st': buffer size 35124 doesn't match expected size 90378 in faceVarying primvars
2026-08-22 08:35:41 [149,875ms] [Warning] [omni.hydra] Mesh '/World/envs/env_0/Robot/RL_thigh/visuals.proto_mesh_0_id0' has corrupted data in primvar 'st': buffer size 35124 doesn't match expected size 90402 in faceVarying primvars
2026-08-22 08:35:41 [149,875ms] [Warning] [omni.hydra] Mesh '/World/envs/env_0/Robot/FR_hip/visuals.proto_mesh_0_id0' has corrupted data in primvar 'st_1': buffer size 54198 doesn't match expected size 111120 in faceVarying primvars
2026-08-22 08:35:41 [149,875ms] [Warning] [omni.hydra] Mesh '/World/envs/env_0/Robot/RR_hip/visuals.proto_mesh_0_id0' has corrupted data in primvar 'st_1': buffer size 54198 doesn't match expected size 111120 in faceVarying primvars
2026-08-22 08:35:41 [149,875ms] [Warning] [omni.hydra] Mesh '/World/envs/env_0/Robot/FR_hip/visuals.proto_mesh_0_id0' has corrupted data in primvar 'st': buffer size 56922 doesn't match expected size 111120 in faceVarying primvars
2026-08-22 08:35:41 [149,875ms] [Warning] [omni.hydra] Mesh '/World/envs/env_0/Robot/RR_hip/visuals.proto_mesh_0_id0' has corrupted data in primvar 'st': buffer size 56922 doesn't match expected size 111120 in faceVarying primvars
2026-08-22 08:35:41 [149,875ms] [Warning] [omni.hydra] Mesh '/World/envs/env_0/Robot/RL_hip/visuals.proto_mesh_0_id0' has corrupted data in primvar 'st_1': buffer size 54198 doesn't match expected size 111120 in faceVarying primvars
2026-08-22 08:35:41 [149,875ms] [Warning] [omni.hydra] Mesh '/World/envs/env_0/Robot/RL_hip/visuals.proto_mesh_0_id0' has corrupted data in primvar 'st': buffer size 56922 doesn't match expected size 111120 in faceVarying primvars
2026-08-22 08:35:41 [149,877ms] [Warning] [omni.hydra] Mesh '/World/envs/env_0/Robot/RR_calf/visuals.proto_mesh_0_id0' has corrupted data in primvar 'st_1': buffer size 19536 doesn't match expected size 25806 in faceVarying primvars
2026-08-22 08:35:41 [149,877ms] [Warning] [omni.hydra] Mesh '/World/envs/env_0/Robot/RR_calf/visuals.proto_mesh_0_id0' has corrupted data in primvar 'st': buffer size 6270 doesn't match expected size 25806 in faceVarying primvars
2026-08-22 08:35:41 [149,879ms] [Warning] [omni.hydra] Mesh '/World/envs/env_0/Robot/base/visuals.proto_mesh_0_id0' has corrupted data in primvar 'st_4': buffer size 30390 doesn't match expected size 233784 in faceVarying primvars
2026-08-22 08:35:41 [149,879ms] [Warning] [omni.hydra] Mesh '/World/envs/env_0/Robot/base/visuals.proto_mesh_0_id0' has corrupted data in primvar 'st_3': buffer size 11886 doesn't match expected size 233784 in faceVarying primvars
2026-08-22 08:35:41 [149,879ms] [Warning] [omni.hydra] Mesh '/World/envs/env_0/Robot/base/visuals.proto_mesh_0_id0' has corrupted data in primvar 'st_2': buffer size 6015 doesn't match expected size 233784 in faceVarying primvars
2026-08-22 08:35:41 [149,879ms] [Warning] [omni.hydra] Mesh '/World/envs/env_0/Robot/base/visuals.proto_mesh_0_id0' has corrupted data in primvar 'st_1': buffer size 6960 doesn't match expected size 233784 in faceVarying primvars
2026-08-22 08:35:41 [149,879ms] [Warning] [omni.hydra] Mesh '/World/envs/env_0/Robot/base/visuals.proto_mesh_0_id0' has corrupted data in primvar 'st': buffer size 178533 doesn't match expected size 233784 in faceVarying primvars
[INFO]: Time taken for simulation start : 293.407577 seconds
[INFO] Command Manager:  <CommandManager> contains 1 active terms.
+-----------------------------------------------+
|              Active Command Terms             |
+-------+---------------+-----------------------+
| Index | Name          |          Type         |
+-------+---------------+-----------------------+
|   0   | base_velocity | UniformParkourCommand |
+-------+---------------+-----------------------+

[INFO] Event Manager:  <EventManager> contains 3 active terms.
+---------------------------------------+
|  Active Event Terms in Mode: 'reset'  |
+--------+------------------------------+
| Index  | Name                         |
+--------+------------------------------+
|   0    | reset_root_state             |
|   1    | reset_robot_joints           |
|   2    | base_external_force_torque   |
+--------+------------------------------+
+--------------------------------------+
| Active Event Terms in Mode: 'startup' |
+----------+---------------------------+
|  Index   | Name                      |
+----------+---------------------------+
|    0     | physics_material          |
+----------+---------------------------+
+------------------------------------------------------------+
|           Active Event Terms in Mode: 'interval'           |
+-------+--------------------------+-------------------------+
| Index | Name                     | Interval time range (s) |
+-------+--------------------------+-------------------------+
|   0   | push_by_setting_velocity |        (6.0, 6.0)       |
+-------+--------------------------+-------------------------+

[INFO] Recorder Manager:  <RecorderManager> contains 0 active terms.
+---------------------+
| Active Recorder Terms |
+-----------+---------+
|   Index   | Name    |
+-----------+---------+
+-----------+---------+

[INFO] Action Manager:  <ActionManager> contains 1 active terms.
+------------------------------------+
|  Active Action Terms (shape: 12)   |
+--------+-------------+-------------+
| Index  | Name        |   Dimension |
+--------+-------------+-------------+
|   0    | joint_pos   |          12 |
+--------+-------------+-------------+

[INFO] Parkour Manager: <CommandManager> contains 1 active terms.
+-------------------------------------+
|         Active Command Terms        |
+-------+--------------+--------------+
| Index | Name         |     Type     |
+-------+--------------+--------------+
|   0   | base_parkour | ParkourEvent |
+-------+--------------+--------------+

2026-08-22 08:39:40 [389,696ms] [Warning] [isaaclab.sensors.ray_caster.ray_caster] Raycaster attribute 'attach_yaw_only' property will be deprecated in a future release. Please use the parameter 'ray_alignment' instead. Setting ray_alignment to 'yaw'.
[INFO] Observation Manager: <ObservationManager> contains 1 groups.
+--------------------------------------------------------------+
| Active Observation Terms in Group: 'policy' (shape: (753,))  |
+---------+----------------------------------------+-----------+
|  Index  | Name                                   |   Shape   |
+---------+----------------------------------------+-----------+
|    0    | extreme_parkour_observations           |   (753,)  |
+---------+----------------------------------------+-----------+

[INFO] Termination Manager:  <TerminationManager> contains 1 active terms.
+-------------------------------------+
|       Active Termination Terms      |
+-------+------------------+----------+
| Index | Name             | Time Out |
+-------+------------------+----------+
|   0   | total_terminates |   True   |
+-------+------------------+----------+

[INFO] Reward Manager:  <RewardManager> contains 14 active terms.
+---------------------------------------------+
|             Active Reward Terms             |
+-------+--------------------------+----------+
| Index | Name                     |   Weight |
+-------+--------------------------+----------+
|   0   | reward_collision         |    -10.0 |
|   1   | reward_feet_edge         |     -1.0 |
|   2   | reward_torques           |   -1e-05 |
|   3   | reward_dof_error         |    -0.04 |
|   4   | reward_hip_pos           |     -0.5 |
|   5   | reward_ang_vel_xy        |    -0.05 |
|   6   | reward_action_rate       |     -0.1 |
|   7   | reward_dof_acc           | -2.5e-07 |
|   8   | reward_lin_vel_z         |     -1.0 |
|   9   | reward_orientation       |     -1.0 |
|   10  | reward_feet_stumble      |     -1.0 |
|   11  | reward_tracking_goal_vel |      1.5 |
|   12  | reward_tracking_yaw      |      0.5 |
|   13  | reward_delta_torques     |   -1e-07 |
+-------+--------------------------+----------+

[INFO] Curriculum Manager:  <CurriculumManager> contains 0 active terms.
+----------------------+
| Active Curriculum Terms |
+-----------+----------+
|   Index   | Name     |
+-----------+----------+
+-----------+----------+

[INFO]: Completed setting up the environment...
[INFO] Recording videos during training.
        video_folder: /root/autodl-tmp/Isaaclab_Parkour/pretrained_official/2025-08-13_05-15-58/videos/play
        step_trigger: lambda step: step == 0
        video_length: 500
        disable_logger: True
2026-08-22 08:39:41 [390,726ms] [Warning] [isaaclab.sensors.ray_caster.ray_caster] Raycaster attribute 'attach_yaw_only' property will be deprecated in a future release. Please use the parameter 'ray_alignment' instead. Setting ray_alignment to 'yaw'.
[INFO]: Loading model checkpoint from: /root/autodl-tmp/Isaaclab_Parkour/pretrained_official/2025-08-13_05-15-58/model_49999.pt
Actor MLP: Actor(
  (priv_encoder): Sequential(
    (0): Linear(in_features=29, out_features=64, bias=True)
    (1): ELU(alpha=1.0)
    (2): Linear(in_features=64, out_features=20, bias=True)
    (3): ELU(alpha=1.0)
  )
  (history_encoder): StateHistoryEncoder(
    (activation_fn): ELU(alpha=1.0)
    (encoder): Sequential(
      (0): Linear(in_features=53, out_features=30, bias=True)
      (1): ELU(alpha=1.0)
    )
    (conv_layers): Sequential(
      (0): Conv1d(30, 20, kernel_size=(4,), stride=(2,))
      (1): ELU(alpha=1.0)
      (2): Conv1d(20, 10, kernel_size=(2,), stride=(1,))
      (3): ELU(alpha=1.0)
      (4): Flatten(start_dim=1, end_dim=-1)
    )
    (linear_output): Sequential(
      (0): Linear(in_features=30, out_features=20, bias=True)
      (1): ELU(alpha=1.0)
    )
  )
  (scan_encoder): Sequential(
    (0): Linear(in_features=132, out_features=128, bias=True)
    (1): ELU(alpha=1.0)
    (2): Linear(in_features=128, out_features=64, bias=True)
    (3): ELU(alpha=1.0)
    (4): Linear(in_features=64, out_features=32, bias=True)
    (5): Tanh()
  )
  (actor_backbone): Sequential(
    (0): Linear(in_features=114, out_features=512, bias=True)
    (1): ELU(alpha=1.0)
    (2): Linear(in_features=512, out_features=256, bias=True)
    (3): ELU(alpha=1.0)
    (4): Linear(in_features=256, out_features=128, bias=True)
    (5): ELU(alpha=1.0)
    (6): Linear(in_features=128, out_features=12, bias=True)
  )
)
Critic MLP: Sequential(
  (0): Linear(in_features=753, out_features=512, bias=True)
  (1): ELU(alpha=1.0)
  (2): Linear(in_features=512, out_features=256, bias=True)
  (3): ELU(alpha=1.0)
  (4): Linear(in_features=256, out_features=128, bias=True)
  (5): ELU(alpha=1.0)
  (6): Linear(in_features=128, out_features=1, bias=True)
)
estimator MLP: DefaultEstimator(
  (estimator): Sequential(
    (0): Linear(in_features=53, out_features=128, bias=True)
    (1): ELU(alpha=1.0)
    (2): Linear(in_features=128, out_features=64, bias=True)
    (3): ELU(alpha=1.0)
    (4): Linear(in_features=64, out_features=9, bias=True)
  )
)
<scripts.rsl_rl.modules.on_policy_runner_with_extractor.OnPolicyRunnerWithExtractor object at 0x7f24b57ed5a0>
2026-08-22 08:39:43 [392,057ms] [Warning] [omni.syntheticdata.plugin] OgnSdPostRenderVarToHost : rendervar copy from texture directly to host buffer is counter-performant. Please use copy from texture to device buffer first.
2026-08-22 08:39:43 [392,337ms] [Warning] [isaaclab.sensors.ray_caster.ray_caster] Raycaster attribute 'attach_yaw_only' property will be deprecated in a future release. Please use the parameter 'ray_alignment' instead. Setting ray_alignment to 'yaw'.
2026-08-22 08:39:43 [392,668ms] [Warning] [isaaclab.sensors.ray_caster.ray_caster] Raycaster attribute 'attach_yaw_only' property will be deprecated in a future release. Please use the parameter 'ray_alignment' instead. Setting ray_alignment to 'yaw'.
2026-08-22 08:39:44 [392,926ms] [Warning] [isaaclab.sensors.ray_caster.ray_caster] Raycaster attribute 'attach_yaw_only' property will be deprecated in a future release. Please use the parameter 'ray_alignment' instead. Setting ray_alignment to 'yaw'.
2026-08-22 08:39:45 [394,536ms] [Warning] [isaaclab.sensors.ray_caster.ray_caster] Raycaster attribute 'attach_yaw_only' property will be deprecated in a future release. Please use the parameter 'ray_alignment' instead. Setting ray_alignment to 'yaw'.
2026-08-22 08:39:45 [394,792ms] [Warning] [isaaclab.sensors.ray_caster.ray_caster] Raycaster attribute 'attach_yaw_only' property will be deprecated in a future release. Please use the parameter 'ray_alignment' instead. Setting ray_alignment to 'yaw'.
2026-08-22 08:39:46 [395,042ms] [Warning] [isaaclab.sensors.ray_caster.ray_caster] Raycaster attribute 'attach_yaw_only' property will be deprecated in a future release. Please use the parameter 'ray_alignment' instead. Setting ray_alignment to 'yaw'.
2026-08-22 08:39:46 [395,262ms] [Warning] [isaaclab.sensors.ray_caster.ray_caster] Raycaster attribute 'attach_yaw_only' property will be deprecated in a future release. Please use the parameter 'ray_alignment' instead. Setting ray_alignment to 'yaw'.
2026-08-22 08:39:46 [395,483ms] [Warning] [isaaclab.sensors.ray_caster.ray_caster] Raycaster attribute 'attach_yaw_only' property will be deprecated in a future release. Please use the parameter 'ray_alignment' instead. Setting ray_alignment to 'yaw'.
2026-08-22 08:39:46 [395,704ms] [Warning] [isaaclab.sensors.ray_caster.ray_caster] Raycaster attribute 'attach_yaw_only' property will be deprecated in a future release. Please use the parameter 'ray_alignment' instead. Setting ray_alignment to 'yaw'.
2026-08-22 08:39:47 [395,969ms] [Warning] [isaaclab.sensors.ray_caster.ray_caster] Raycaster attribute 'attach_yaw_only' property will be deprecated in a future release. Please use the parameter 'ray_alignment' instead. Setting ray_alignment to 'yaw'.
2026-08-22 08:39:47 [396,202ms] [Warning] [isaaclab.sensors.ray_caster.ray_caster] Raycaster attribute 'attach_yaw_only' property will be deprecated in a future release. Please use the parameter 'ray_alignment' instead. Setting ray_alignment to 'yaw'.
2026-08-22 08:39:47 [396,423ms] [Warning] [isaaclab.sensors.ray_caster.ray_caster] Raycaster attribute 'attach_yaw_only' property will be deprecated in a future release. Please use the parameter 'ray_alignment' instead. Setting ray_alignment to 'yaw'.
2026-08-22 08:39:47 [396,644ms] [Warning] [isaaclab.sensors.ray_caster.ray_caster] Raycaster attribute 'attach_yaw_only' property will be deprecated in a future release. Please use the parameter 'ray_alignment' instead. Setting ray_alignment to 'yaw'.
2026-08-22 08:39:48 [396,865ms] [Warning] [isaaclab.sensors.ray_caster.ray_caster] Raycaster attribute 'attach_yaw_only' property will be deprecated in a future release. Please use the parameter 'ray_alignment' instead. Setting ray_alignment to 'yaw'.
2026-08-22 08:39:48 [397,086ms] [Warning] [isaaclab.sensors.ray_caster.ray_caster] Raycaster attribute 'attach_yaw_only' property will be deprecated in a future release. Please use the parameter 'ray_alignment' instead. Setting ray_alignment to 'yaw'.
2026-08-22 08:39:48 [397,331ms] [Warning] [isaaclab.sensors.ray_caster.ray_caster] Raycaster attribute 'attach_yaw_only' property will be deprecated in a future release. Please use the parameter 'ray_alignment' instead. Setting ray_alignment to 'yaw'.
2026-08-22 08:39:48 [397,552ms] [Warning] [isaaclab.sensors.ray_caster.ray_caster] Raycaster attribute 'attach_yaw_only' property will be deprecated in a future release. Please use the parameter 'ray_alignment' instead. Setting ray_alignment to 'yaw'.
2026-08-22 08:39:48 [397,778ms] [Warning] [isaaclab.sensors.ray_caster.ray_caster] Raycaster attribute 'attach_yaw_only' property will be deprecated in a future release. Please use the parameter 'ray_alignment' instead. Setting ray_alignment to 'yaw'.
2026-08-22 08:39:49 [398,010ms] [Warning] [isaaclab.sensors.ray_caster.ray_caster] Raycaster attribute 'attach_yaw_only' property will be deprecated in a future release. Please use the parameter 'ray_alignment' instead. Setting ray_alignment to 'yaw'.
2026-08-22 08:39:49 [398,246ms] [Warning] [isaaclab.sensors.ray_caster.ray_caster] Raycaster attribute 'attach_yaw_only' property will be deprecated in a future release. Please use the parameter 'ray_alignment' instead. Setting ray_alignment to 'yaw'.
2026-08-22 08:39:49 [398,474ms] [Warning] [isaaclab.sensors.ray_caster.ray_caster] Raycaster attribute 'attach_yaw_only' property will be deprecated in a future release. Please use the parameter 'ray_alignment' instead. Setting ray_alignment to 'yaw'.
2026-08-22 08:39:49 [398,702ms] [Warning] [isaaclab.sensors.ray_caster.ray_caster] Raycaster attribute 'attach_yaw_only' property will be deprecated in a future release. Please use the parameter 'ray_alignment' instead. Setting ray_alignment to 'yaw'.
2026-08-22 08:39:50 [398,926ms] [Warning] [isaaclab.sensors.ray_caster.ray_caster] Raycaster attribute 'attach_yaw_only' property will be deprecated in a future release. Please use the parameter 'ray_alignment' instead. Setting ray_alignment to 'yaw'.
2026-08-22 08:39:50 [399,148ms] [Warning] [isaaclab.sensors.ray_caster.ray_caster] Raycaster attribute 'attach_yaw_only' property will be deprecated in a future release. Please use the parameter 'ray_alignment' instead. Setting ray_alignment to 'yaw'.
2026-08-22 08:39:50 [399,370ms] [Warning] [isaaclab.sensors.ray_caster.ray_caster] Raycaster attribute 'attach_yaw_only' property will be deprecated in a future release. Please use the parameter 'ray_alignment' instead. Setting ray_alignment to 'yaw'.
2026-08-22 08:39:50 [399,594ms] [Warning] [isaaclab.sensors.ray_caster.ray_caster] Raycaster attribute 'attach_yaw_only' property will be deprecated in a future release. Please use the parameter 'ray_alignment' instead. Setting ray_alignment to 'yaw'.
2026-08-22 08:39:50 [399,817ms] [Warning] [isaaclab.sensors.ray_caster.ray_caster] Raycaster attribute 'attach_yaw_only' property will be deprecated in a future release. Please use the parameter 'ray_alignment' instead. Setting ray_alignment to 'yaw'.
2026-08-22 08:39:51 [400,043ms] [Warning] [isaaclab.sensors.ray_caster.ray_caster] Raycaster attribute 'attach_yaw_only' property will be deprecated in a future release. Please use the parameter 'ray_alignment' instead. Setting ray_alignment to 'yaw'.
2026-08-22 08:39:51 [400,269ms] [Warning] [isaaclab.sensors.ray_caster.ray_caster] Raycaster attribute 'attach_yaw_only' property will be deprecated in a future release. Please use the parameter 'ray_alignment' instead. Setting ray_alignment to 'yaw'.
2026-08-22 08:39:51 [400,485ms] [Warning] [isaaclab.sensors.ray_caster.ray_caster] Raycaster attribute 'attach_yaw_only' property will be deprecated in a future release. Please use the parameter 'ray_alignment' instead. Setting ray_alignment to 'yaw'.
2026-08-22 08:39:51 [400,734ms] [Warning] [isaaclab.sensors.ray_caster.ray_caster] Raycaster attribute 'attach_yaw_only' property will be deprecated in a future release. Please use the parameter 'ray_alignment' instead. Setting ray_alignment to 'yaw'.
2026-08-22 08:39:52 [400,958ms] [Warning] [isaaclab.sensors.ray_caster.ray_caster] Raycaster attribute 'attach_yaw_only' property will be deprecated in a future release. Please use the parameter 'ray_alignment' instead. Setting ray_alignment to 'yaw'.
2026-08-22 08:39:52 [401,176ms] [Warning] [isaaclab.sensors.ray_caster.ray_caster] Raycaster attribute 'attach_yaw_only' property will be deprecated in a future release. Please use the parameter 'ray_alignment' instead. Setting ray_alignment to 'yaw'.
2026-08-22 08:39:52 [401,398ms] [Warning] [isaaclab.sensors.ray_caster.ray_caster] Raycaster attribute 'attach_yaw_only' property will be deprecated in a future release. Please use the parameter 'ray_alignment' instead. Setting ray_alignment to 'yaw'.
2026-08-22 08:39:52 [401,621ms] [Warning] [isaaclab.sensors.ray_caster.ray_caster] Raycaster attribute 'attach_yaw_only' property will be deprecated in a future release. Please use the parameter 'ray_alignment' instead. Setting ray_alignment to 'yaw'.
2026-08-22 08:39:52 [401,842ms] [Warning] [isaaclab.sensors.ray_caster.ray_caster] Raycaster attribute 'attach_yaw_only' property will be deprecated in a future release. Please use the parameter 'ray_alignment' instead. Setting ray_alignment to 'yaw'.
2026-08-22 08:39:53 [402,067ms] [Warning] [isaaclab.sensors.ray_caster.ray_caster] Raycaster attribute 'attach_yaw_only' property will be deprecated in a future release. Please use the parameter 'ray_alignment' instead. Setting ray_alignment to 'yaw'.
2026-08-22 08:39:53 [402,295ms] [Warning] [isaaclab.sensors.ray_caster.ray_caster] Raycaster attribute 'attach_yaw_only' property will be deprecated in a future release. Please use the parameter 'ray_alignment' instead. Setting ray_alignment to 'yaw'.
2026-08-22 08:39:53 [402,552ms] [Warning] [isaaclab.sensors.ray_caster.ray_caster] Raycaster attribute 'attach_yaw_only' property will be deprecated in a future release. Please use the parameter 'ray_alignment' instead. Setting ray_alignment to 'yaw'.
2026-08-22 08:39:53 [402,776ms] [Warning] [isaaclab.sensors.ray_caster.ray_caster] Raycaster attribute 'attach_yaw_only' property will be deprecated in a future release. Please use the parameter 'ray_alignment' instead. Setting ray_alignment to 'yaw'.
2026-08-22 08:39:54 [403,009ms] [Warning] [isaaclab.sensors.ray_caster.ray_caster] Raycaster attribute 'attach_yaw_only' property will be deprecated in a future release. Please use the parameter 'ray_alignment' instead. Setting ray_alignment to 'yaw'.
2026-08-22 08:39:54 [403,233ms] [Warning] [isaaclab.sensors.ray_caster.ray_caster] Raycaster attribute 'attach_yaw_only' property will be deprecated in a future release. Please use the parameter 'ray_alignment' instead. Setting ray_alignment to 'yaw'.
2026-08-22 08:39:54 [403,456ms] [Warning] [isaaclab.sensors.ray_caster.ray_caster] Raycaster attribute 'attach_yaw_only' property will be deprecated in a future release. Please use the parameter 'ray_alignment' instead. Setting ray_alignment to 'yaw'.
2026-08-22 08:39:54 [403,679ms] [Warning] [isaaclab.sensors.ray_caster.ray_caster] Raycaster attribute 'attach_yaw_only' property will be deprecated in a future release. Please use the parameter 'ray_alignment' instead. Setting ray_alignment to 'yaw'.
2026-08-22 08:39:55 [403,899ms] [Warning] [isaaclab.sensors.ray_caster.ray_caster] Raycaster attribute 'attach_yaw_only' property will be deprecated in a future release. Please use the parameter 'ray_alignment' instead. Setting ray_alignment to 'yaw'.
2026-08-22 08:39:55 [404,126ms] [Warning] [isaaclab.sensors.ray_caster.ray_caster] Raycaster attribute 'attach_yaw_only' property will be deprecated in a future release. Please use the parameter 'ray_alignment' instead. Setting ray_alignment to 'yaw'.
2026-08-22 08:39:55 [404,351ms] [Warning] [isaaclab.sensors.ray_caster.ray_caster] Raycaster attribute 'attach_yaw_only' property will be deprecated in a future release. Please use the parameter 'ray_alignment' instead. Setting ray_alignment to 'yaw'.
2026-08-22 08:39:55 [404,570ms] [Warning] [isaaclab.sensors.ray_caster.ray_caster] Raycaster attribute 'attach_yaw_only' property will be deprecated in a future release. Please use the parameter 'ray_alignment' instead. Setting ray_alignment to 'yaw'.
2026-08-22 08:39:55 [404,798ms] [Warning] [isaaclab.sensors.ray_caster.ray_caster] Raycaster attribute 'attach_yaw_only' property will be deprecated in a future release. Please use the parameter 'ray_alignment' instead. Setting ray_alignment to 'yaw'.
2026-08-22 08:39:56 [405,017ms] [Warning] [isaaclab.sensors.ray_caster.ray_caster] Raycaster attribute 'attach_yaw_only' property will be deprecated in a future release. Please use the parameter 'ray_alignment' instead. Setting ray_alignment to 'yaw'.
2026-08-22 08:39:56 [405,267ms] [Warning] [isaaclab.sensors.ray_caster.ray_caster] Raycaster attribute 'attach_yaw_only' property will be deprecated in a future release. Please use the parameter 'ray_alignment' instead. Setting ray_alignment to 'yaw'.
2026-08-22 08:39:56 [405,499ms] [Warning] [isaaclab.sensors.ray_caster.ray_caster] Raycaster attribute 'attach_yaw_only' property will be deprecated in a future release. Please use the parameter 'ray_alignment' instead. Setting ray_alignment to 'yaw'.
2026-08-22 08:39:56 [405,724ms] [Warning] [isaaclab.sensors.ray_caster.ray_caster] Raycaster attribute 'attach_yaw_only' property will be deprecated in a future release. Please use the parameter 'ray_alignment' instead. Setting ray_alignment to 'yaw'.
2026-08-22 08:39:57 [405,951ms] [Warning] [isaaclab.sensors.ray_caster.ray_caster] Raycaster attribute 'attach_yaw_only' property will be deprecated in a future release. Please use the parameter 'ray_alignment' instead. Setting ray_alignment to 'yaw'.
2026-08-22 08:39:57 [406,176ms] [Warning] [isaaclab.sensors.ray_caster.ray_caster] Raycaster attribute 'attach_yaw_only' property will be deprecated in a future release. Please use the parameter 'ray_alignment' instead. Setting ray_alignment to 'yaw'.
2026-08-22 08:39:57 [406,403ms] [Warning] [isaaclab.sensors.ray_caster.ray_caster] Raycaster attribute 'attach_yaw_only' property will be deprecated in a future release. Please use the parameter 'ray_alignment' instead. Setting ray_alignment to 'yaw'.
2026-08-22 08:39:57 [406,626ms] [Warning] [isaaclab.sensors.ray_caster.ray_caster] Raycaster attribute 'attach_yaw_only' property will be deprecated in a future release. Please use the parameter 'ray_alignment' instead. Setting ray_alignment to 'yaw'.
2026-08-22 08:39:58 [406,854ms] [Warning] [isaaclab.sensors.ray_caster.ray_caster] Raycaster attribute 'attach_yaw_only' property will be deprecated in a future release. Please use the parameter 'ray_alignment' instead. Setting ray_alignment to 'yaw'.
2026-08-22 08:39:58 [407,076ms] [Warning] [isaaclab.sensors.ray_caster.ray_caster] Raycaster attribute 'attach_yaw_only' property will be deprecated in a future release. Please use the parameter 'ray_alignment' instead. Setting ray_alignment to 'yaw'.
2026-08-22 08:39:58 [407,301ms] [Warning] [isaaclab.sensors.ray_caster.ray_caster] Raycaster attribute 'attach_yaw_only' property will be deprecated in a future release. Please use the parameter 'ray_alignment' instead. Setting ray_alignment to 'yaw'.
2026-08-22 08:39:58 [407,526ms] [Warning] [isaaclab.sensors.ray_caster.ray_caster] Raycaster attribute 'attach_yaw_only' property will be deprecated in a future release. Please use the parameter 'ray_alignment' instead. Setting ray_alignment to 'yaw'.
2026-08-22 08:39:58 [407,763ms] [Warning] [isaaclab.sensors.ray_caster.ray_caster] Raycaster attribute 'attach_yaw_only' property will be deprecated in a future release. Please use the parameter 'ray_alignment' instead. Setting ray_alignment to 'yaw'.
2026-08-22 08:39:59 [407,994ms] [Warning] [isaaclab.sensors.ray_caster.ray_caster] Raycaster attribute 'attach_yaw_only' property will be deprecated in a future release. Please use the parameter 'ray_alignment' instead. Setting ray_alignment to 'yaw'.
2026-08-22 08:39:59 [408,221ms] [Warning] [isaaclab.sensors.ray_caster.ray_caster] Raycaster attribute 'attach_yaw_only' property will be deprecated in a future release. Please use the parameter 'ray_alignment' instead. Setting ray_alignment to 'yaw'.
2026-08-22 08:39:59 [408,447ms] [Warning] [isaaclab.sensors.ray_caster.ray_caster] Raycaster attribute 'attach_yaw_only' property will be deprecated in a future release. Please use the parameter 'ray_alignment' instead. Setting ray_alignment to 'yaw'.
2026-08-22 08:39:59 [408,671ms] [Warning] [isaaclab.sensors.ray_caster.ray_caster] Raycaster attribute 'attach_yaw_only' property will be deprecated in a future release. Please use the parameter 'ray_alignment' instead. Setting ray_alignment to 'yaw'.
2026-08-22 08:40:00 [408,902ms] [Warning] [isaaclab.sensors.ray_caster.ray_caster] Raycaster attribute 'attach_yaw_only' property will be deprecated in a future release. Please use the parameter 'ray_alignment' instead. Setting ray_alignment to 'yaw'.
2026-08-22 08:40:00 [409,127ms] [Warning] [isaaclab.sensors.ray_caster.ray_caster] Raycaster attribute 'attach_yaw_only' property will be deprecated in a future release. Please use the parameter 'ray_alignment' instead. Setting ray_alignment to 'yaw'.
2026-08-22 08:40:00 [409,349ms] [Warning] [isaaclab.sensors.ray_caster.ray_caster] Raycaster attribute 'attach_yaw_only' property will be deprecated in a future release. Please use the parameter 'ray_alignment' instead. Setting ray_alignment to 'yaw'.
2026-08-22 08:40:00 [409,576ms] [Warning] [isaaclab.sensors.ray_caster.ray_caster] Raycaster attribute 'attach_yaw_only' property will be deprecated in a future release. Please use the parameter 'ray_alignment' instead. Setting ray_alignment to 'yaw'.
2026-08-22 08:40:00 [409,801ms] [Warning] [isaaclab.sensors.ray_caster.ray_caster] Raycaster attribute 'attach_yaw_only' property will be deprecated in a future release. Please use the parameter 'ray_alignment' instead. Setting ray_alignment to 'yaw'.
2026-08-22 08:40:01 [410,031ms] [Warning] [isaaclab.sensors.ray_caster.ray_caster] Raycaster attribute 'attach_yaw_only' property will be deprecated in a future release. Please use the parameter 'ray_alignment' instead. Setting ray_alignment to 'yaw'.
2026-08-22 08:40:01 [410,258ms] [Warning] [isaaclab.sensors.ray_caster.ray_caster] Raycaster attribute 'attach_yaw_only' property will be deprecated in a future release. Please use the parameter 'ray_alignment' instead. Setting ray_alignment to 'yaw'.
2026-08-22 08:40:01 [410,485ms] [Warning] [isaaclab.sensors.ray_caster.ray_caster] Raycaster attribute 'attach_yaw_only' property will be deprecated in a future release. Please use the parameter 'ray_alignment' instead. Setting ray_alignment to 'yaw'.
2026-08-22 08:40:01 [410,715ms] [Warning] [isaaclab.sensors.ray_caster.ray_caster] Raycaster attribute 'attach_yaw_only' property will be deprecated in a future release. Please use the parameter 'ray_alignment' instead. Setting ray_alignment to 'yaw'.
2026-08-22 08:40:02 [410,944ms] [Warning] [isaaclab.sensors.ray_caster.ray_caster] Raycaster attribute 'attach_yaw_only' property will be deprecated in a future release. Please use the parameter 'ray_alignment' instead. Setting ray_alignment to 'yaw'.
2026-08-22 08:40:02 [411,173ms] [Warning] [isaaclab.sensors.ray_caster.ray_caster] Raycaster attribute 'attach_yaw_only' property will be deprecated in a future release. Please use the parameter 'ray_alignment' instead. Setting ray_alignment to 'yaw'.
2026-08-22 08:40:02 [411,396ms] [Warning] [isaaclab.sensors.ray_caster.ray_caster] Raycaster attribute 'attach_yaw_only' property will be deprecated in a future release. Please use the parameter 'ray_alignment' instead. Setting ray_alignment to 'yaw'.
2026-08-22 08:40:02 [411,623ms] [Warning] [isaaclab.sensors.ray_caster.ray_caster] Raycaster attribute 'attach_yaw_only' property will be deprecated in a future release. Please use the parameter 'ray_alignment' instead. Setting ray_alignment to 'yaw'.
2026-08-22 08:40:02 [411,847ms] [Warning] [isaaclab.sensors.ray_caster.ray_caster] Raycaster attribute 'attach_yaw_only' property will be deprecated in a future release. Please use the parameter 'ray_alignment' instead. Setting ray_alignment to 'yaw'.
2026-08-22 08:40:03 [412,071ms] [Warning] [isaaclab.sensors.ray_caster.ray_caster] Raycaster attribute 'attach_yaw_only' property will be deprecated in a future release. Please use the parameter 'ray_alignment' instead. Setting ray_alignment to 'yaw'.
2026-08-22 08:40:03 [412,296ms] [Warning] [isaaclab.sensors.ray_caster.ray_caster] Raycaster attribute 'attach_yaw_only' property will be deprecated in a future release. Please use the parameter 'ray_alignment' instead. Setting ray_alignment to 'yaw'.
2026-08-22 08:40:03 [412,528ms] [Warning] [isaaclab.sensors.ray_caster.ray_caster] Raycaster attribute 'attach_yaw_only' property will be deprecated in a future release. Please use the parameter 'ray_alignment' instead. Setting ray_alignment to 'yaw'.
2026-08-22 08:40:03 [412,751ms] [Warning] [isaaclab.sensors.ray_caster.ray_caster] Raycaster attribute 'attach_yaw_only' property will be deprecated in a future release. Please use the parameter 'ray_alignment' instead. Setting ray_alignment to 'yaw'.
2026-08-22 08:40:04 [412,994ms] [Warning] [isaaclab.sensors.ray_caster.ray_caster] Raycaster attribute 'attach_yaw_only' property will be deprecated in a future release. Please use the parameter 'ray_alignment' instead. Setting ray_alignment to 'yaw'.
2026-08-22 08:40:04 [413,237ms] [Warning] [isaaclab.sensors.ray_caster.ray_caster] Raycaster attribute 'attach_yaw_only' property will be deprecated in a future release. Please use the parameter 'ray_alignment' instead. Setting ray_alignment to 'yaw'.
2026-08-22 08:40:04 [413,468ms] [Warning] [isaaclab.sensors.ray_caster.ray_caster] Raycaster attribute 'attach_yaw_only' property will be deprecated in a future release. Please use the parameter 'ray_alignment' instead. Setting ray_alignment to 'yaw'.
2026-08-22 08:40:04 [413,700ms] [Warning] [isaaclab.sensors.ray_caster.ray_caster] Raycaster attribute 'attach_yaw_only' property will be deprecated in a future release. Please use the parameter 'ray_alignment' instead. Setting ray_alignment to 'yaw'.
2026-08-22 08:40:05 [413,927ms] [Warning] [isaaclab.sensors.ray_caster.ray_caster] Raycaster attribute 'attach_yaw_only' property will be deprecated in a future release. Please use the parameter 'ray_alignment' instead. Setting ray_alignment to 'yaw'.
2026-08-22 08:40:05 [414,159ms] [Warning] [isaaclab.sensors.ray_caster.ray_caster] Raycaster attribute 'attach_yaw_only' property will be deprecated in a future release. Please use the parameter 'ray_alignment' instead. Setting ray_alignment to 'yaw'.
2026-08-22 08:40:05 [414,382ms] [Warning] [isaaclab.sensors.ray_caster.ray_caster] Raycaster attribute 'attach_yaw_only' property will be deprecated in a future release. Please use the parameter 'ray_alignment' instead. Setting ray_alignment to 'yaw'.
2026-08-22 08:40:05 [414,607ms] [Warning] [isaaclab.sensors.ray_caster.ray_caster] Raycaster attribute 'attach_yaw_only' property will be deprecated in a future release. Please use the parameter 'ray_alignment' instead. Setting ray_alignment to 'yaw'.
2026-08-22 08:40:05 [414,839ms] [Warning] [isaaclab.sensors.ray_caster.ray_caster] Raycaster attribute 'attach_yaw_only' property will be deprecated in a future release. Please use the parameter 'ray_alignment' instead. Setting ray_alignment to 'yaw'.
2026-08-22 08:40:06 [415,067ms] [Warning] [isaaclab.sensors.ray_caster.ray_caster] Raycaster attribute 'attach_yaw_only' property will be deprecated in a future release. Please use the parameter 'ray_alignment' instead. Setting ray_alignment to 'yaw'.
2026-08-22 08:40:06 [415,294ms] [Warning] [isaaclab.sensors.ray_caster.ray_caster] Raycaster attribute 'attach_yaw_only' property will be deprecated in a future release. Please use the parameter 'ray_alignment' instead. Setting ray_alignment to 'yaw'.
2026-08-22 08:40:06 [415,519ms] [Warning] [isaaclab.sensors.ray_caster.ray_caster] Raycaster attribute 'attach_yaw_only' property will be deprecated in a future release. Please use the parameter 'ray_alignment' instead. Setting ray_alignment to 'yaw'.
2026-08-22 08:40:06 [415,747ms] [Warning] [isaaclab.sensors.ray_caster.ray_caster] Raycaster attribute 'attach_yaw_only' property will be deprecated in a future release. Please use the parameter 'ray_alignment' instead. Setting ray_alignment to 'yaw'.
2026-08-22 08:40:07 [415,970ms] [Warning] [isaaclab.sensors.ray_caster.ray_caster] Raycaster attribute 'attach_yaw_only' property will be deprecated in a future release. Please use the parameter 'ray_alignment' instead. Setting ray_alignment to 'yaw'.
2026-08-22 08:40:07 [416,200ms] [Warning] [isaaclab.sensors.ray_caster.ray_caster] Raycaster attribute 'attach_yaw_only' property will be deprecated in a future release. Please use the parameter 'ray_alignment' instead. Setting ray_alignment to 'yaw'.
2026-08-22 08:40:07 [416,427ms] [Warning] [isaaclab.sensors.ray_caster.ray_caster] Raycaster attribute 'attach_yaw_only' property will be deprecated in a future release. Please use the parameter 'ray_alignment' instead. Setting ray_alignment to 'yaw'.
Exception ignored in: <function ParkourViewportCameraController.__del__ at 0x7f24b6fa7a30>
Traceback (most recent call last):
  File "/root/autodl-tmp/Isaaclab_Parkour/parkour_isaaclab/envs/parkour_viewprot_camera_contoller.py", line 70, in __del__
    self._input.unsubscribe_from_keyboard_events(self._keyboard, self._keyboard_sub)
AttributeError: 'carb.input.IInput' object has no attribute 'unsubscribe_from_keyboard_events'
