2026-08-22T19:24:52+08:00 START teacher hurdle_base
2026-08-22T19:25:58+08:00 DONE teacher hurdle_base
2026-08-22T19:25:58+08:00 START teacher hurdle_medium
2026-08-22T19:26:57+08:00 DONE teacher hurdle_medium
2026-08-22T19:26:57+08:00 START teacher hurdle_hard
2026-08-22T19:28:02+08:00 DONE teacher hurdle_hard
2026-08-22T19:28:02+08:00 START teacher step_base
2026-08-22T19:29:02+08:00 DONE teacher step_base
2026-08-22T19:29:02+08:00 START teacher step_medium
2026-08-22T19:30:05+08:00 DONE teacher step_medium
2026-08-22T19:30:05+08:00 START teacher step_hard
2026-08-22T19:31:07+08:00 DONE teacher step_hard
2026-08-22T19:31:07+08:00 START teacher gap_base
2026-08-22T19:32:08+08:00 DONE teacher gap_base
2026-08-22T19:32:08+08:00 START teacher gap_medium
2026-08-22T19:33:07+08:00 DONE teacher gap_medium
2026-08-22T19:33:07+08:00 START teacher gap_hard
2026-08-22T19:34:08+08:00 DONE teacher gap_hard
2026-08-22T19:34:08+08:00 START teacher beam_base
2026-08-22T19:35:10+08:00 DONE teacher beam_base
2026-08-22T19:35:10+08:00 START teacher beam_medium
2026-08-22T19:36:09+08:00 DONE teacher beam_medium
2026-08-22T19:36:09+08:00 START teacher beam_hard
2026-08-22T19:37:09+08:00 DONE teacher beam_hard
2026-08-22T19:37:09+08:00 START student hurdle_base
2026-08-22T19:38:09+08:00 DONE student hurdle_base
2026-08-22T19:38:09+08:00 START student hurdle_medium
2026-08-22T19:39:11+08:00 DONE student hurdle_medium
2026-08-22T19:39:11+08:00 START student hurdle_hard
2026-08-22T19:40:14+08:00 DONE student hurdle_hard
2026-08-22T19:40:14+08:00 START student step_base
2026-08-22T19:41:14+08:00 DONE student step_base
2026-08-22T19:41:14+08:00 START student step_medium
2026-08-22T19:42:30+08:00 DONE student step_medium
2026-08-22T19:42:30+08:00 START student step_hard
2026-08-22T19:43:32+08:00 DONE student step_hard
2026-08-22T19:43:32+08:00 START student gap_base
2026-08-22T19:44:35+08:00 DONE student gap_base
2026-08-22T19:44:35+08:00 START student gap_medium
2026-08-22T19:45:34+08:00 DONE student gap_medium
2026-08-22T19:45:34+08:00 START student gap_hard
2026-08-22T19:46:36+08:00 DONE student gap_hard
2026-08-22T19:46:36+08:00 START student beam_base
2026-08-22T19:47:33+08:00 DONE student beam_base
2026-08-22T19:47:33+08:00 START student beam_medium
2026-08-22T19:48:32+08:00 DONE student beam_medium
2026-08-22T19:48:32+08:00 START student beam_hard
2026-08-22T19:49:39+08:00 DONE student beam_hard
2026-08-22T19:49:39+08:00 ALL_DONE
