2026-08-22T17:31:11+08:00 START teacher hurdle_base
2026-08-22T17:32:12+08:00 DONE teacher hurdle_base
2026-08-22T17:32:12+08:00 START teacher hurdle_medium
2026-08-22T17:33:16+08:00 DONE teacher hurdle_medium
2026-08-22T17:33:16+08:00 START teacher hurdle_hard
2026-08-22T17:34:19+08:00 DONE teacher hurdle_hard
2026-08-22T17:34:19+08:00 START teacher step_base
2026-08-22T17:35:24+08:00 DONE teacher step_base
2026-08-22T17:35:24+08:00 START teacher step_medium
2026-08-22T17:36:32+08:00 DONE teacher step_medium
2026-08-22T17:36:32+08:00 START teacher step_hard
2026-08-22T17:37:46+08:00 DONE teacher step_hard
2026-08-22T17:37:46+08:00 START teacher gap_base
2026-08-22T17:38:53+08:00 DONE teacher gap_base
2026-08-22T17:38:53+08:00 START teacher gap_medium
2026-08-22T17:39:58+08:00 DONE teacher gap_medium
2026-08-22T17:39:58+08:00 START teacher gap_hard
2026-08-22T17:41:02+08:00 DONE teacher gap_hard
2026-08-22T17:41:02+08:00 START teacher beam_base
2026-08-22T17:41:50+08:00 DONE teacher beam_base
2026-08-22T17:41:50+08:00 START teacher beam_medium
2026-08-22T17:42:37+08:00 DONE teacher beam_medium
2026-08-22T17:42:37+08:00 START teacher beam_hard
2026-08-22T17:43:53+08:00 DONE teacher beam_hard
2026-08-22T17:43:53+08:00 START student hurdle_base
2026-08-22T17:45:09+08:00 DONE student hurdle_base
2026-08-22T17:45:09+08:00 START student hurdle_medium
2026-08-22T17:46:28+08:00 DONE student hurdle_medium
2026-08-22T17:46:28+08:00 START student hurdle_hard
2026-08-22T17:47:51+08:00 DONE student hurdle_hard
2026-08-22T17:47:51+08:00 START student step_base
2026-08-22T17:49:16+08:00 DONE student step_base
2026-08-22T17:49:16+08:00 START student step_medium
2026-08-22T17:50:45+08:00 DONE student step_medium
2026-08-22T17:50:45+08:00 START student step_hard
2026-08-22T17:52:18+08:00 DONE student step_hard
2026-08-22T17:52:18+08:00 START student gap_base
2026-08-22T17:53:43+08:00 DONE student gap_base
2026-08-22T17:53:43+08:00 START student gap_medium
2026-08-22T17:55:03+08:00 DONE student gap_medium
2026-08-22T17:55:03+08:00 START student gap_hard
2026-08-22T17:56:28+08:00 DONE student gap_hard
2026-08-22T17:56:28+08:00 START student beam_base
2026-08-22T17:57:31+08:00 DONE student beam_base
2026-08-22T17:57:31+08:00 START student beam_medium
2026-08-22T17:58:35+08:00 DONE student beam_medium
2026-08-22T17:58:35+08:00 START student beam_hard
2026-08-22T17:59:59+08:00 DONE student beam_hard
2026-08-22T17:59:59+08:00 ALL_DONE
2026-08-22T18:12:47+08:00 SKIP teacher hurdle_base
2026-08-22T18:12:47+08:00 SKIP teacher hurdle_medium
2026-08-22T18:12:47+08:00 SKIP teacher hurdle_hard
2026-08-22T18:12:47+08:00 SKIP teacher step_base
2026-08-22T18:12:47+08:00 SKIP teacher step_medium
2026-08-22T18:12:47+08:00 SKIP teacher step_hard
2026-08-22T18:12:47+08:00 SKIP teacher gap_base
2026-08-22T18:12:47+08:00 SKIP teacher gap_medium
2026-08-22T18:12:47+08:00 SKIP teacher gap_hard
2026-08-22T18:12:47+08:00 START teacher beam_base
2026-08-22T18:13:33+08:00 DONE teacher beam_base
2026-08-22T18:13:33+08:00 START teacher beam_medium
2026-08-22T18:14:19+08:00 DONE teacher beam_medium
2026-08-22T18:14:19+08:00 START teacher beam_hard
2026-08-22T18:15:22+08:00 DONE teacher beam_hard
2026-08-22T18:15:22+08:00 SKIP student hurdle_base
2026-08-22T18:15:22+08:00 SKIP student hurdle_medium
2026-08-22T18:15:22+08:00 SKIP student hurdle_hard
2026-08-22T18:15:22+08:00 SKIP student step_base
2026-08-22T18:15:22+08:00 SKIP student step_medium
2026-08-22T18:15:22+08:00 SKIP student step_hard
2026-08-22T18:15:22+08:00 SKIP student gap_base
2026-08-22T18:15:22+08:00 SKIP student gap_medium
2026-08-22T18:15:22+08:00 SKIP student gap_hard
2026-08-22T18:15:22+08:00 START student beam_base
2026-08-22T18:16:24+08:00 DONE student beam_base
2026-08-22T18:16:24+08:00 START student beam_medium
2026-08-22T18:17:28+08:00 DONE student beam_medium
2026-08-22T18:17:28+08:00 START student beam_hard
2026-08-22T18:18:50+08:00 DONE student beam_hard
2026-08-22T18:18:50+08:00 ALL_DONE
